Archive member included to satisfy reference by file (symbol)

C:/ST/STM32CubeIDE_1.13.2/STM32CubeIDE/plugins/com.st.stm32cube.ide.mcu.externaltools.gnu-tools-for-stm32.11.3.rel1.win32_1.1.100.202309141235/tools/bin/../lib/gcc/arm-none-eabi/11.3.1/../../../../arm-none-eabi/lib/thumb/v6-m/nofp\libc_nano.a(libc_a-calloc.o)
                              ./Core/Src/main.o (calloc)
C:/ST/STM32CubeIDE_1.13.2/STM32CubeIDE/plugins/com.st.stm32cube.ide.mcu.externaltools.gnu-tools-for-stm32.11.3.rel1.win32_1.1.100.202309141235/tools/bin/../lib/gcc/arm-none-eabi/11.3.1/../../../../arm-none-eabi/lib/thumb/v6-m/nofp\libc_nano.a(libc_a-callocr.o)
                              C:/ST/STM32CubeIDE_1.13.2/STM32CubeIDE/plugins/com.st.stm32cube.ide.mcu.externaltools.gnu-tools-for-stm32.11.3.rel1.win32_1.1.100.202309141235/tools/bin/../lib/gcc/arm-none-eabi/11.3.1/../../../../arm-none-eabi/lib/thumb/v6-m/nofp\libc_nano.a(libc_a-calloc.o) (_calloc_r)
C:/ST/STM32CubeIDE_1.13.2/STM32CubeIDE/plugins/com.st.stm32cube.ide.mcu.externaltools.gnu-tools-for-stm32.11.3.rel1.win32_1.1.100.202309141235/tools/bin/../lib/gcc/arm-none-eabi/11.3.1/../../../../arm-none-eabi/lib/thumb/v6-m/nofp\libc_nano.a(libc_a-exit.o)
                              C:/ST/STM32CubeIDE_1.13.2/STM32CubeIDE/plugins/com.st.stm32cube.ide.mcu.externaltools.gnu-tools-for-stm32.11.3.rel1.win32_1.1.100.202309141235/tools/bin/../lib/gcc/arm-none-eabi/11.3.1/../../../../arm-none-eabi/lib/thumb/v6-m/nofp/crt0.o (exit)
C:/ST/STM32CubeIDE_1.13.2/STM32CubeIDE/plugins/com.st.stm32cube.ide.mcu.externaltools.gnu-tools-for-stm32.11.3.rel1.win32_1.1.100.202309141235/tools/bin/../lib/gcc/arm-none-eabi/11.3.1/../../../../arm-none-eabi/lib/thumb/v6-m/nofp\libc_nano.a(libc_a-malloc.o)
                              ./Core/Src/main.o (free)
C:/ST/STM32CubeIDE_1.13.2/STM32CubeIDE/plugins/com.st.stm32cube.ide.mcu.externaltools.gnu-tools-for-stm32.11.3.rel1.win32_1.1.100.202309141235/tools/bin/../lib/gcc/arm-none-eabi/11.3.1/../../../../arm-none-eabi/lib/thumb/v6-m/nofp\libc_nano.a(libc_a-mallocr.o)
                              C:/ST/STM32CubeIDE_1.13.2/STM32CubeIDE/plugins/com.st.stm32cube.ide.mcu.externaltools.gnu-tools-for-stm32.11.3.rel1.win32_1.1.100.202309141235/tools/bin/../lib/gcc/arm-none-eabi/11.3.1/../../../../arm-none-eabi/lib/thumb/v6-m/nofp\libc_nano.a(libc_a-callocr.o) (_malloc_r)
C:/ST/STM32CubeIDE_1.13.2/STM32CubeIDE/plugins/com.st.stm32cube.ide.mcu.externaltools.gnu-tools-for-stm32.11.3.rel1.win32_1.1.100.202309141235/tools/bin/../lib/gcc/arm-none-eabi/11.3.1/../../../../arm-none-eabi/lib/thumb/v6-m/nofp\libc_nano.a(libc_a-mlock.o)
                              C:/ST/STM32CubeIDE_1.13.2/STM32CubeIDE/plugins/com.st.stm32cube.ide.mcu.externaltools.gnu-tools-for-stm32.11.3.rel1.win32_1.1.100.202309141235/tools/bin/../lib/gcc/arm-none-eabi/11.3.1/../../../../arm-none-eabi/lib/thumb/v6-m/nofp\libc_nano.a(libc_a-mallocr.o) (__malloc_lock)
C:/ST/STM32CubeIDE_1.13.2/STM32CubeIDE/plugins/com.st.stm32cube.ide.mcu.externaltools.gnu-tools-for-stm32.11.3.rel1.win32_1.1.100.202309141235/tools/bin/../lib/gcc/arm-none-eabi/11.3.1/../../../../arm-none-eabi/lib/thumb/v6-m/nofp\libc_nano.a(libc_a-realloc.o)
                              ./Core/Src/main.o (realloc)
C:/ST/STM32CubeIDE_1.13.2/STM32CubeIDE/plugins/com.st.stm32cube.ide.mcu.externaltools.gnu-tools-for-stm32.11.3.rel1.win32_1.1.100.202309141235/tools/bin/../lib/gcc/arm-none-eabi/11.3.1/../../../../arm-none-eabi/lib/thumb/v6-m/nofp\libc_nano.a(libc_a-reallocr.o)
                              C:/ST/STM32CubeIDE_1.13.2/STM32CubeIDE/plugins/com.st.stm32cube.ide.mcu.externaltools.gnu-tools-for-stm32.11.3.rel1.win32_1.1.100.202309141235/tools/bin/../lib/gcc/arm-none-eabi/11.3.1/../../../../arm-none-eabi/lib/thumb/v6-m/nofp\libc_nano.a(libc_a-realloc.o) (_realloc_r)
C:/ST/STM32CubeIDE_1.13.2/STM32CubeIDE/plugins/com.st.stm32cube.ide.mcu.externaltools.gnu-tools-for-stm32.11.3.rel1.win32_1.1.100.202309141235/tools/bin/../lib/gcc/arm-none-eabi/11.3.1/../../../../arm-none-eabi/lib/thumb/v6-m/nofp\libc_nano.a(libc_a-findfp.o)
                              C:/ST/STM32CubeIDE_1.13.2/STM32CubeIDE/plugins/com.st.stm32cube.ide.mcu.externaltools.gnu-tools-for-stm32.11.3.rel1.win32_1.1.100.202309141235/tools/bin/../lib/gcc/arm-none-eabi/11.3.1/../../../../arm-none-eabi/lib/thumb/v6-m/nofp\libc_nano.a(libc_a-exit.o) (__stdio_exit_handler)
C:/ST/STM32CubeIDE_1.13.2/STM32CubeIDE/plugins/com.st.stm32cube.ide.mcu.externaltools.gnu-tools-for-stm32.11.3.rel1.win32_1.1.100.202309141235/tools/bin/../lib/gcc/arm-none-eabi/11.3.1/../../../../arm-none-eabi/lib/thumb/v6-m/nofp\libc_nano.a(libc_a-fwalk.o)
                              C:/ST/STM32CubeIDE_1.13.2/STM32CubeIDE/plugins/com.st.stm32cube.ide.mcu.externaltools.gnu-tools-for-stm32.11.3.rel1.win32_1.1.100.202309141235/tools/bin/../lib/gcc/arm-none-eabi/11.3.1/../../../../arm-none-eabi/lib/thumb/v6-m/nofp\libc_nano.a(libc_a-findfp.o) (_fwalk_sglue)
[...]
Memory Configuration

Name             Origin             Length             Attributes
RAM              0x0000000020000000 0x0000000000004000 xrw
FLASH            0x0000000008000000 0x0000000000020000 xr
*default*        0x0000000000000000 0xffffffffffffffff

Linker script and memory map

LOAD C:/ST/STM32CubeIDE_1.13.2/STM32CubeIDE/plugins/com.st.stm32cube.ide.mcu.externaltools.gnu-tools-for-stm32.11.3.rel1.win32_1.1.100.202309141235/tools/bin/../lib/gcc/arm-none-eabi/11.3.1/thumb/v6-m/nofp/crti.o
LOAD C:/ST/STM32CubeIDE_1.13.2/STM32CubeIDE/plugins/com.st.stm32cube.ide.mcu.externaltools.gnu-tools-for-stm32.11.3.rel1.win32_1.1.100.202309141235/tools/bin/../lib/gcc/arm-none-eabi/11.3.1/thumb/v6-m/nofp/crtbegin.o
LOAD C:/ST/STM32CubeIDE_1.13.2/STM32CubeIDE/plugins/com.st.stm32cube.ide.mcu.externaltools.gnu-tools-for-stm32.11.3.rel1.win32_1.1.100.202309141235/tools/bin/../lib/gcc/arm-none-eabi/11.3.1/../../../../arm-none-eabi/lib/thumb/v6-m/nofp/crt0.o
LOAD ./Core/Src/DS3231.o
LOAD ./Core/Src/bmp180.o
LOAD ./Core/Src/main.o
LOAD ./Core/Src/mpu6050.o
LOAD ./Core/Src/stm32f0xx_hal_msp.o
LOAD ./Core/Src/stm32f0xx_it.o
LOAD ./Core/Src/syscalls.o
LOAD ./Core/Src/sysmem.o
LOAD ./Core/Src/system_stm32f0xx.o
LOAD ./Core/Startup/startup_stm32f072rbtx.o
LOAD ./Drivers/STM32F0xx_HAL_Driver/Src/stm32f0xx_hal.o
LOAD ./Drivers/STM32F0xx_HAL_Driver/Src/stm32f0xx_hal_can.o
LOAD ./Drivers/STM32F0xx_HAL_Driver/Src/stm32f0xx_hal_cortex.o
LOAD ./Drivers/STM32F0xx_HAL_Driver/Src/stm32f0xx_hal_dma.o
LOAD ./Drivers/STM32F0xx_HAL_Driver/Src/stm32f0xx_hal_exti.o
LOAD ./Drivers/STM32F0xx_HAL_Driver/Src/stm32f0xx_hal_flash.o
LOAD ./Drivers/STM32F0xx_HAL_Driver/Src/stm32f0xx_hal_flash_ex.o
LOAD ./Drivers/STM32F0xx_HAL_Driver/Src/stm32f0xx_hal_gpio.o
LOAD ./Drivers/STM32F0xx_HAL_Driver/Src/stm32f0xx_hal_i2c.o
LOAD ./Drivers/STM32F0xx_HAL_Driver/Src/stm32f0xx_hal_i2c_ex.o
LOAD ./Drivers/STM32F0xx_HAL_Driver/Src/stm32f0xx_hal_pwr.o
LOAD ./Drivers/STM32F0xx_HAL_Driver/Src/stm32f0xx_hal_pwr_ex.o
LOAD ./Drivers/STM32F0xx_HAL_Driver/Src/stm32f0xx_hal_rcc.o
LOAD ./Drivers/STM32F0xx_HAL_Driver/Src/stm32f0xx_hal_rcc_ex.o
LOAD ./Drivers/STM32F0xx_HAL_Driver/Src/stm32f0xx_hal_tim.o
LOAD ./Drivers/STM32F0xx_HAL_Driver/Src/stm32f0xx_hal_tim_ex.o
START GROUP
LOAD C:/ST/STM32CubeIDE_1.13.2/STM32CubeIDE/plugins/com.st.stm32cube.ide.mcu.externaltools.gnu-tools-for-stm32.11.3.rel1.win32_1.1.100.202309141235/tools/bin/../lib/gcc/arm-none-eabi/11.3.1/../../../../arm-none-eabi/lib/thumb/v6-m/nofp\libc_nano.a
LOAD C:/ST/STM32CubeIDE_1.13.2/STM32CubeIDE/plugins/com.st.stm32cube.ide.mcu.externaltools.gnu-tools-for-stm32.11.3.rel1.win32_1.1.100.202309141235/tools/bin/../lib/gcc/arm-none-eabi/11.3.1/../../../../arm-none-eabi/lib/thumb/v6-m/nofp\libm.a
END GROUP
START GROUP
LOAD C:/ST/STM32CubeIDE_1.13.2/STM32CubeIDE/plugins/com.st.stm32cube.ide.mcu.externaltools.gnu-tools-for-stm32.11.3.rel1.win32_1.1.100.202309141235/tools/bin/../lib/gcc/arm-none-eabi/11.3.1/thumb/v6-m/nofp\libgcc.a
LOAD C:/ST/STM32CubeIDE_1.13.2/STM32CubeIDE/plugins/com.st.stm32cube.ide.mcu.externaltools.gnu-tools-for-stm32.11.3.rel1.win32_1.1.100.202309141235/tools/bin/../lib/gcc/arm-none-eabi/11.3.1/../../../../arm-none-eabi/lib/thumb/v6-m/nofp\libc_nano.a
END GROUP
START GROUP
LOAD C:/ST/STM32CubeIDE_1.13.2/STM32CubeIDE/plugins/com.st.stm32cube.ide.mcu.externaltools.gnu-tools-for-stm32.11.3.rel1.win32_1.1.100.202309141235/tools/bin/../lib/gcc/arm-none-eabi/11.3.1/thumb/v6-m/nofp\libgcc.a
LOAD C:/ST/STM32CubeIDE_1.13.2/STM32CubeIDE/plugins/com.st.stm32cube.ide.mcu.externaltools.gnu-tools-for-stm32.11.3.rel1.win32_1.1.100.202309141235/tools/bin/../lib/gcc/arm-none-eabi/11.3.1/../../../../arm-none-eabi/lib/thumb/v6-m/nofp\libc_nano.a
LOAD C:/ST/STM32CubeIDE_1.13.2/STM32CubeIDE/plugins/com.st.stm32cube.ide.mcu.externaltools.gnu-tools-for-stm32.11.3.rel1.win32_1.1.100.202309141235/tools/bin/../lib/gcc/arm-none-eabi/11.3.1/../../../../arm-none-eabi/lib/thumb/v6-m/nofp\libnosys.a
END GROUP
START GROUP
LOAD C:/ST/STM32CubeIDE_1.13.2/STM32CubeIDE/plugins/com.st.stm32cube.ide.mcu.externaltools.gnu-tools-for-stm32.11.3.rel1.win32_1.1.100.202309141235/tools/bin/../lib/gcc/arm-none-eabi/11.3.1/thumb/v6-m/nofp\libgcc.a
LOAD C:/ST/STM32CubeIDE_1.13.2/STM32CubeIDE/plugins/com.st.stm32cube.ide.mcu.externaltools.gnu-tools-for-stm32.11.3.rel1.win32_1.1.100.202309141235/tools/bin/../lib/gcc/arm-none-eabi/11.3.1/../../../../arm-none-eabi/lib/thumb/v6-m/nofp\libc_nano.a
LOAD C:/ST/STM32CubeIDE_1.13.2/STM32CubeIDE/plugins/com.st.stm32cube.ide.mcu.externaltools.gnu-tools-for-stm32.11.3.rel1.win32_1.1.100.202309141235/tools/bin/../lib/gcc/arm-none-eabi/11.3.1/../../../../arm-none-eabi/lib/thumb/v6-m/nofp\libnosys.a
END GROUP
LOAD C:/ST/STM32CubeIDE_1.13.2/STM32CubeIDE/plugins/com.st.stm32cube.ide.mcu.externaltools.gnu-tools-for-stm32.11.3.rel1.win32_1.1.100.202309141235/tools/bin/../lib/gcc/arm-none-eabi/11.3.1/thumb/v6-m/nofp/crtend.o
LOAD C:/ST/STM32CubeIDE_1.13.2/STM32CubeIDE/plugins/com.st.stm32cube.ide.mcu.externaltools.gnu-tools-for-stm32.11.3.rel1.win32_1.1.100.202309141235/tools/bin/../lib/gcc/arm-none-eabi/11.3.1/thumb/v6-m/nofp/crtn.o
                0x0000000020004000                _estack = (ORIGIN (RAM) + LENGTH (RAM))
                0x0000000000000200                _Min_Heap_Size = 0x200
                0x0000000000000400                _Min_Stack_Size = 0x400

.isr_vector     0x0000000008000000       0xc0
                0x0000000008000000                . = ALIGN (0x4)
 *(.isr_vector)
 .isr_vector    0x0000000008000000       0xc0 ./Core/Startup/startup_stm32f072rbtx.o
                0x0000000008000000                g_pfnVectors
                0x00000000080000c0                . = ALIGN (0x4)

.text           0x00000000080000c0     0x3ca4
                0x00000000080000c0                . = ALIGN (0x4)
 *(.text)
 .text          0x00000000080000c0       0x48 C:/ST/STM32CubeIDE_1.13.2/STM32CubeIDE/plugins/com.st.stm32cube.ide.mcu.externaltools.gnu-tools-for-stm32.11.3.rel1.win32_1.1.100.202309141235/tools/bin/../lib/gcc/arm-none-eabi/11.3.1/thumb/v6-m/nofp/crtbegin.o
 .text          0x0000000008000108      0x114 C:/ST/STM32CubeIDE_1.13.2/STM32CubeIDE/plugins/com.st.stm32cube.ide.mcu.externaltools.gnu-tools-for-stm32.11.3.rel1.win32_1.1.100.202309141235/tools/bin/../lib/gcc/arm-none-eabi/11.3.1/thumb/v6-m/nofp\libgcc.a(_udivsi3.o)
                0x0000000008000108                __aeabi_uidiv
                0x0000000008000108                __udivsi3
                0x0000000008000214                __aeabi_uidivmod
 .text          0x000000000800021c        0x4 C:/ST/STM32CubeIDE_1.13.2/STM32CubeIDE/plugins/com.st.stm32cube.ide.mcu.externaltools.gnu-tools-for-stm32.11.3.rel1.win32_1.1.100.202309141235/tools/bin/../lib/gcc/arm-none-eabi/11.3.1/thumb/v6-m/nofp\libgcc.a(_dvmd_tls.o)
                0x000000000800021c                __aeabi_idiv0
                0x000000000800021c                __aeabi_ldiv0
 *(.text*)
 .text.BMP180_Init
                0x0000000008000220       0x1c ./Core/Src/bmp180.o
                0x0000000008000220                BMP180_Init
 .text.BMP180_SetOversampling
                0x000000000800023c       0x20 ./Core/Src/bmp180.o
                0x000000000800023c                BMP180_SetOversampling
 .text.BMP180_UpdateCalibrationData
                0x000000000800025c      0x18c ./Core/Src/bmp180.o
                0x000000000800025c                BMP180_UpdateCalibrationData
 .text.BMP180_ReadReg
                0x00000000080003e8       0x48 ./Core/Src/bmp180.o
                0x00000000080003e8                BMP180_ReadReg
 .text.BMP180_connection_state
                0x0000000008000430       0x1c ./Core/Src/bmp180.o
                0x0000000008000430                BMP180_connection_state
 .text.main     0x000000000800044c       0xd0 ./Core/Src/main.o
                0x000000000800044c                main
 .text.SystemClock_Config
                0x000000000800051c       0xca ./Core/Src/main.o
                0x000000000800051c                SystemClock_Config
 *fill*         0x00000000080005e6        0x2 
 .text.MX_CAN_Init
                0x00000000080005e8       0xb4 ./Core/Src/main.o
 .text.MX_I2C1_Init
                0x000000000800069c       0x80 ./Core/Src/main.o
 .text.MX_GPIO_Init
                0x000000000800071c       0xac ./Core/Src/main.o
 .text.CAN_send_packet
                0x00000000080007c8       0x60 ./Core/Src/main.o
 .text.CAN_send_receive_state
                0x0000000008000828       0x24 ./Core/Src/main.o
 .text.configure_sensors
                0x000000000800084c      0x114 ./Core/Src/main.o
 .text.HAL_CAN_RxFifo0MsgPendingCallback
                0x0000000008000960       0x4c ./Core/Src/main.o
                0x0000000008000960                HAL_CAN_RxFifo0MsgPendingCallback
 .text.HAL_CAN_ErrorCallback
                0x00000000080009ac       0x10 ./Core/Src/main.o
                0x00000000080009ac                HAL_CAN_ErrorCallback
 .text.Error_Handler
                0x00000000080009bc        0xa ./Core/Src/main.o
                0x00000000080009bc                Error_Handler
 *fill*         0x00000000080009c6        0x2 
 .text.MPU6050Init
                0x00000000080009c8       0xcc ./Core/Src/mpu6050.o
                0x00000000080009c8                MPU6050Init
 .text.MPU6050Start
                0x0000000008000a94       0x50 ./Core/Src/mpu6050.o
                0x0000000008000a94                MPU6050Start
 .text.MPU6050WriteRegister
                0x0000000008000ae4       0x58 ./Core/Src/mpu6050.o
                0x0000000008000ae4                MPU6050WriteRegister
 .text.MPU6050BufferReset
                0x0000000008000b3c       0x34 ./Core/Src/mpu6050.o
                0x0000000008000b3c                MPU6050BufferReset
 .text.MPU6050Check
                0x0000000008000b70       0x68 ./Core/Src/mpu6050.o
                0x0000000008000b70                MPU6050Check
 .text.MPU6050_connection_state
                0x0000000008000bd8       0x78 ./Core/Src/mpu6050.o
                0x0000000008000bd8                MPU6050_connection_state
 .text.HAL_MspInit
                0x0000000008000c50       0x48 ./Core/Src/stm32f0xx_hal_msp.o
                0x0000000008000c50                HAL_MspInit
 .text.HAL_CAN_MspInit
                0x0000000008000c98       0xac ./Core/Src/stm32f0xx_hal_msp.o
                0x0000000008000c98                HAL_CAN_MspInit
 .text.HAL_I2C_MspInit
                0x0000000008000d44       0x9c ./Core/Src/stm32f0xx_hal_msp.o
                0x0000000008000d44                HAL_I2C_MspInit
 .text.NMI_Handler
                0x0000000008000de0        0x6 ./Core/Src/stm32f0xx_it.o
                0x0000000008000de0                NMI_Handler
 .text.HardFault_Handler
                0x0000000008000de6        0x6 ./Core/Src/stm32f0xx_it.o
                0x0000000008000de6                HardFault_Handler
 .text.SVC_Handler
                0x0000000008000dec        0xa ./Core/Src/stm32f0xx_it.o
                0x0000000008000dec                SVC_Handler
 .text.PendSV_Handler
                0x0000000008000df6        0xa ./Core/Src/stm32f0xx_it.o
                0x0000000008000df6                PendSV_Handler
 .text.SysTick_Handler
                0x0000000008000e00        0xe ./Core/Src/stm32f0xx_it.o
                0x0000000008000e00                SysTick_Handler
 *fill*         0x0000000008000e0e        0x2 
 .text.CEC_CAN_IRQHandler
                0x0000000008000e10       0x18 ./Core/Src/stm32f0xx_it.o
                0x0000000008000e10                CEC_CAN_IRQHandler
 .text._sbrk    0x0000000008000e28       0x6c ./Core/Src/sysmem.o
                0x0000000008000e28                _sbrk
 .text.SystemInit
                0x0000000008000e94        0xa ./Core/Src/system_stm32f0xx.o
                0x0000000008000e94                SystemInit
 *fill*         0x0000000008000e9e        0x2 
 .text.Reset_Handler
                0x0000000008000ea0       0x50 ./Core/Startup/startup_stm32f072rbtx.o
                0x0000000008000ea0                Reset_Handler
 .text.Default_Handler
                0x0000000008000ef0        0x2 ./Core/Startup/startup_stm32f072rbtx.o
                0x0000000008000ef0                TIM1_CC_IRQHandler
                0x0000000008000ef0                TSC_IRQHandler
                0x0000000008000ef0                ADC1_COMP_IRQHandler
                0x0000000008000ef0                I2C1_IRQHandler
                0x0000000008000ef0                RCC_CRS_IRQHandler
                0x0000000008000ef0                SPI1_IRQHandler
                0x0000000008000ef0                TIM6_DAC_IRQHandler
                0x0000000008000ef0                USART3_4_IRQHandler
                0x0000000008000ef0                EXTI2_3_IRQHandler
                0x0000000008000ef0                I2C2_IRQHandler
                0x0000000008000ef0                TIM17_IRQHandler
                0x0000000008000ef0                RTC_IRQHandler
                0x0000000008000ef0                PVD_VDDIO2_IRQHandler
                0x0000000008000ef0                DMA1_Channel4_5_6_7_IRQHandler
                0x0000000008000ef0                TIM16_IRQHandler
                0x0000000008000ef0                TIM3_IRQHandler
                0x0000000008000ef0                EXTI4_15_IRQHandler
                0x0000000008000ef0                DMA1_Channel1_IRQHandler
                0x0000000008000ef0                Default_Handler
                0x0000000008000ef0                TIM14_IRQHandler
                0x0000000008000ef0                TIM7_IRQHandler
                0x0000000008000ef0                TIM15_IRQHandler
                0x0000000008000ef0                EXTI0_1_IRQHandler
                0x0000000008000ef0                USB_IRQHandler
                0x0000000008000ef0                SPI2_IRQHandler
                0x0000000008000ef0                WWDG_IRQHandler
                0x0000000008000ef0                TIM2_IRQHandler
                0x0000000008000ef0                DMA1_Channel2_3_IRQHandler
                0x0000000008000ef0                USART2_IRQHandler
                0x0000000008000ef0                FLASH_IRQHandler
                0x0000000008000ef0                USART1_IRQHandler
                0x0000000008000ef0                TIM1_BRK_UP_TRG_COM_IRQHandler
 *fill*         0x0000000008000ef2        0x2 
 .text.HAL_Init
                0x0000000008000ef4       0x28 ./Drivers/STM32F0xx_HAL_Driver/Src/stm32f0xx_hal.o
                0x0000000008000ef4                HAL_Init
 .text.HAL_InitTick
                0x0000000008000f1c       0x68 ./Drivers/STM32F0xx_HAL_Driver/Src/stm32f0xx_hal.o
                0x0000000008000f1c                HAL_InitTick
 .text.HAL_IncTick
                0x0000000008000f84       0x24 ./Drivers/STM32F0xx_HAL_Driver/Src/stm32f0xx_hal.o
                0x0000000008000f84                HAL_IncTick
 .text.HAL_GetTick
                0x0000000008000fa8       0x14 ./Drivers/STM32F0xx_HAL_Driver/Src/stm32f0xx_hal.o
                0x0000000008000fa8                HAL_GetTick
 .text.HAL_Delay
                0x0000000008000fbc       0x48 ./Drivers/STM32F0xx_HAL_Driver/Src/stm32f0xx_hal.o
                0x0000000008000fbc                HAL_Delay
 .text.HAL_CAN_Init
                0x0000000008001004      0x1fc ./Drivers/STM32F0xx_HAL_Driver/Src/stm32f0xx_hal_can.o
                0x0000000008001004                HAL_CAN_Init
 .text.HAL_CAN_ConfigFilter
                0x0000000008001200      0x1e4 ./Drivers/STM32F0xx_HAL_Driver/Src/stm32f0xx_hal_can.o
                0x0000000008001200                HAL_CAN_ConfigFilter
 .text.HAL_CAN_Start
                0x00000000080013e4       0x8c ./Drivers/STM32F0xx_HAL_Driver/Src/stm32f0xx_hal_can.o
                0x00000000080013e4                HAL_CAN_Start
 .text.HAL_CAN_AddTxMessage
                0x0000000008001470      0x1a4 ./Drivers/STM32F0xx_HAL_Driver/Src/stm32f0xx_hal_can.o
                0x0000000008001470                HAL_CAN_AddTxMessage
 .text.HAL_CAN_IsTxMessagePending
                0x0000000008001614       0x4e ./Drivers/STM32F0xx_HAL_Driver/Src/stm32f0xx_hal_can.o
                0x0000000008001614                HAL_CAN_IsTxMessagePending
 .text.HAL_CAN_GetRxMessage
                0x0000000008001662      0x256 ./Drivers/STM32F0xx_HAL_Driver/Src/stm32f0xx_hal_can.o
                0x0000000008001662                HAL_CAN_GetRxMessage
 .text.HAL_CAN_ActivateNotification
                0x00000000080018b8       0x54 ./Drivers/STM32F0xx_HAL_Driver/Src/stm32f0xx_hal_can.o
                0x00000000080018b8                HAL_CAN_ActivateNotification
 .text.HAL_CAN_IRQHandler
                0x000000000800190c      0x368 ./Drivers/STM32F0xx_HAL_Driver/Src/stm32f0xx_hal_can.o
                0x000000000800190c                HAL_CAN_IRQHandler
 .text.HAL_CAN_TxMailbox0CompleteCallback
                0x0000000008001c74       0x10 ./Drivers/STM32F0xx_HAL_Driver/Src/stm32f0xx_hal_can.o
                0x0000000008001c74                HAL_CAN_TxMailbox0CompleteCallback
 .text.HAL_CAN_TxMailbox1CompleteCallback
                0x0000000008001c84       0x10 ./Drivers/STM32F0xx_HAL_Driver/Src/stm32f0xx_hal_can.o
                0x0000000008001c84                HAL_CAN_TxMailbox1CompleteCallback
 .text.HAL_CAN_TxMailbox2CompleteCallback
                0x0000000008001c94       0x10 ./Drivers/STM32F0xx_HAL_Driver/Src/stm32f0xx_hal_can.o
                0x0000000008001c94                HAL_CAN_TxMailbox2CompleteCallback
 .text.HAL_CAN_TxMailbox0AbortCallback
                0x0000000008001ca4       0x10 ./Drivers/STM32F0xx_HAL_Driver/Src/stm32f0xx_hal_can.o
                0x0000000008001ca4                HAL_CAN_TxMailbox0AbortCallback
 .text.HAL_CAN_TxMailbox1AbortCallback
                0x0000000008001cb4       0x10 ./Drivers/STM32F0xx_HAL_Driver/Src/stm32f0xx_hal_can.o
                0x0000000008001cb4                HAL_CAN_TxMailbox1AbortCallback
 .text.HAL_CAN_TxMailbox2AbortCallback
                0x0000000008001cc4       0x10 ./Drivers/STM32F0xx_HAL_Driver/Src/stm32f0xx_hal_can.o
                0x0000000008001cc4                HAL_CAN_TxMailbox2AbortCallback
 .text.HAL_CAN_RxFifo0FullCallback
                0x0000000008001cd4       0x10 ./Drivers/STM32F0xx_HAL_Driver/Src/stm32f0xx_hal_can.o
                0x0000000008001cd4                HAL_CAN_RxFifo0FullCallback
 .text.HAL_CAN_RxFifo1MsgPendingCallback
                0x0000000008001ce4       0x10 ./Drivers/STM32F0xx_HAL_Driver/Src/stm32f0xx_hal_can.o
                0x0000000008001ce4                HAL_CAN_RxFifo1MsgPendingCallback
 .text.HAL_CAN_RxFifo1FullCallback
                0x0000000008001cf4       0x10 ./Drivers/STM32F0xx_HAL_Driver/Src/stm32f0xx_hal_can.o
                0x0000000008001cf4                HAL_CAN_RxFifo1FullCallback
 .text.HAL_CAN_SleepCallback
                0x0000000008001d04       0x10 ./Drivers/STM32F0xx_HAL_Driver/Src/stm32f0xx_hal_can.o
                0x0000000008001d04                HAL_CAN_SleepCallback
 .text.HAL_CAN_WakeUpFromRxMsgCallback
                0x0000000008001d14       0x10 ./Drivers/STM32F0xx_HAL_Driver/Src/stm32f0xx_hal_can.o
                0x0000000008001d14                HAL_CAN_WakeUpFromRxMsgCallback
 .text.HAL_CAN_GetError
                0x0000000008001d24       0x14 ./Drivers/STM32F0xx_HAL_Driver/Src/stm32f0xx_hal_can.o
                0x0000000008001d24                HAL_CAN_GetError
 .text.__NVIC_EnableIRQ
                0x0000000008001d38       0x34 ./Drivers/STM32F0xx_HAL_Driver/Src/stm32f0xx_hal_cortex.o
 .text.__NVIC_SetPriority
                0x0000000008001d6c       0xdc ./Drivers/STM32F0xx_HAL_Driver/Src/stm32f0xx_hal_cortex.o
 .text.SysTick_Config
                0x0000000008001e48       0x48 ./Drivers/STM32F0xx_HAL_Driver/Src/stm32f0xx_hal_cortex.o
 .text.HAL_NVIC_SetPriority
                0x0000000008001e90       0x2a ./Drivers/STM32F0xx_HAL_Driver/Src/stm32f0xx_hal_cortex.o
                0x0000000008001e90                HAL_NVIC_SetPriority
 .text.HAL_NVIC_EnableIRQ
                0x0000000008001eba       0x20 ./Drivers/STM32F0xx_HAL_Driver/Src/stm32f0xx_hal_cortex.o
                0x0000000008001eba                HAL_NVIC_EnableIRQ
 .text.HAL_SYSTICK_Config
                0x0000000008001eda       0x1a ./Drivers/STM32F0xx_HAL_Driver/Src/stm32f0xx_hal_cortex.o
                0x0000000008001eda                HAL_SYSTICK_Config
 .text.HAL_GPIO_Init
                0x0000000008001ef4      0x2f0 ./Drivers/STM32F0xx_HAL_Driver/Src/stm32f0xx_hal_gpio.o
                0x0000000008001ef4                HAL_GPIO_Init
 .text.HAL_GPIO_WritePin
                0x00000000080021e4       0x3a ./Drivers/STM32F0xx_HAL_Driver/Src/stm32f0xx_hal_gpio.o
                0x00000000080021e4                HAL_GPIO_WritePin
 *fill*         0x000000000800221e        0x2 
 .text.HAL_I2C_Init
                0x0000000008002220      0x12c ./Drivers/STM32F0xx_HAL_Driver/Src/stm32f0xx_hal_i2c.o
                0x0000000008002220                HAL_I2C_Init
 .text.HAL_I2C_Master_Transmit
                0x000000000800234c      0x210 ./Drivers/STM32F0xx_HAL_Driver/Src/stm32f0xx_hal_i2c.o
                0x000000000800234c                HAL_I2C_Master_Transmit
 .text.HAL_I2C_Master_Receive
                0x000000000800255c      0x210 ./Drivers/STM32F0xx_HAL_Driver/Src/stm32f0xx_hal_i2c.o
                0x000000000800255c                HAL_I2C_Master_Receive
 .text.I2C_Flush_TXDR
                0x000000000800276c       0x44 ./Drivers/STM32F0xx_HAL_Driver/Src/stm32f0xx_hal_i2c.o
 .text.I2C_WaitOnFlagUntilTimeout
                0x00000000080027b0       0x9c ./Drivers/STM32F0xx_HAL_Driver/Src/stm32f0xx_hal_i2c.o
 .text.I2C_WaitOnTXISFlagUntilTimeout
                0x000000000800284c       0x8c ./Drivers/STM32F0xx_HAL_Driver/Src/stm32f0xx_hal_i2c.o
 .text.I2C_WaitOnSTOPFlagUntilTimeout
                0x00000000080028d8       0x86 ./Drivers/STM32F0xx_HAL_Driver/Src/stm32f0xx_hal_i2c.o
 *fill*         0x000000000800295e        0x2 
 .text.I2C_WaitOnRXNEFlagUntilTimeout
                0x0000000008002960      0x104 ./Drivers/STM32F0xx_HAL_Driver/Src/stm32f0xx_hal_i2c.o
 .text.I2C_IsErrorOccurred
                0x0000000008002a64      0x200 ./Drivers/STM32F0xx_HAL_Driver/Src/stm32f0xx_hal_i2c.o
 .text.I2C_TransferConfig
                0x0000000008002c64       0x74 ./Drivers/STM32F0xx_HAL_Driver/Src/stm32f0xx_hal_i2c.o
 .text.HAL_I2CEx_ConfigAnalogFilter
                0x0000000008002cd8       0x98 ./Drivers/STM32F0xx_HAL_Driver/Src/stm32f0xx_hal_i2c_ex.o
                0x0000000008002cd8                HAL_I2CEx_ConfigAnalogFilter
 .text.HAL_I2CEx_ConfigDigitalFilter
                0x0000000008002d70       0x98 ./Drivers/STM32F0xx_HAL_Driver/Src/stm32f0xx_hal_i2c_ex.o
                0x0000000008002d70                HAL_I2CEx_ConfigDigitalFilter
 .text.HAL_RCC_OscConfig
                0x0000000008002e08      0x70c ./Drivers/STM32F0xx_HAL_Driver/Src/stm32f0xx_hal_rcc.o
                0x0000000008002e08                HAL_RCC_OscConfig
 .text.HAL_RCC_ClockConfig
                0x0000000008003514      0x1b4 ./Drivers/STM32F0xx_HAL_Driver/Src/stm32f0xx_hal_rcc.o
                0x0000000008003514                HAL_RCC_ClockConfig
 .text.HAL_RCC_GetSysClockFreq
                0x00000000080036c8       0xe4 ./Drivers/STM32F0xx_HAL_Driver/Src/stm32f0xx_hal_rcc.o
                0x00000000080036c8                HAL_RCC_GetSysClockFreq
 .text.HAL_RCCEx_PeriphCLKConfig
                0x00000000080037ac      0x1fc ./Drivers/STM32F0xx_HAL_Driver/Src/stm32f0xx_hal_rcc_ex.o
                0x00000000080037ac                HAL_RCCEx_PeriphCLKConfig
 .text.calloc   0x00000000080039a8       0x14 C:/ST/STM32CubeIDE_1.13.2/STM32CubeIDE/plugins/com.st.stm32cube.ide.mcu.externaltools.gnu-tools-for-stm32.11.3.rel1.win32_1.1.100.202309141235/tools/bin/../lib/gcc/arm-none-eabi/11.3.1/../../../../arm-none-eabi/lib/thumb/v6-m/nofp\libc_nano.a(libc_a-calloc.o)
                0x00000000080039a8                calloc
 .text._calloc_r
                0x00000000080039bc       0x5a C:/ST/STM32CubeIDE_1.13.2/STM32CubeIDE/plugins/com.st.stm32cube.ide.mcu.externaltools.gnu-tools-for-stm32.11.3.rel1.win32_1.1.100.202309141235/tools/bin/../lib/gcc/arm-none-eabi/11.3.1/../../../../arm-none-eabi/lib/thumb/v6-m/nofp\libc_nano.a(libc_a-callocr.o)
                0x00000000080039bc                _calloc_r
 *fill*         0x0000000008003a16        0x2 
 .text.free     0x0000000008003a18       0x14 C:/ST/STM32CubeIDE_1.13.2/STM32CubeIDE/plugins/com.st.stm32cube.ide.mcu.externaltools.gnu-tools-for-stm32.11.3.rel1.win32_1.1.100.202309141235/tools/bin/../lib/gcc/arm-none-eabi/11.3.1/../../../../arm-none-eabi/lib/thumb/v6-m/nofp\libc_nano.a(libc_a-malloc.o)
                0x0000000008003a18                free
 .text.sbrk_aligned
                0x0000000008003a2c       0x44 C:/ST/STM32CubeIDE_1.13.2/STM32CubeIDE/plugins/com.st.stm32cube.ide.mcu.externaltools.gnu-tools-for-stm32.11.3.rel1.win32_1.1.100.202309141235/tools/bin/../lib/gcc/arm-none-eabi/11.3.1/../../../../arm-none-eabi/lib/thumb/v6-m/nofp\libc_nano.a(libc_a-mallocr.o)
 .text._malloc_r
                0x0000000008003a70      0x104 C:/ST/STM32CubeIDE_1.13.2/STM32CubeIDE/plugins/com.st.stm32cube.ide.mcu.externaltools.gnu-tools-for-stm32.11.3.rel1.win32_1.1.100.202309141235/tools/bin/../lib/gcc/arm-none-eabi/11.3.1/../../../../arm-none-eabi/lib/thumb/v6-m/nofp\libc_nano.a(libc_a-mallocr.o)
                0x0000000008003a70                _malloc_r
 .text.__malloc_lock
                0x0000000008003b74       0x10 C:/ST/STM32CubeIDE_1.13.2/STM32CubeIDE/plugins/com.st.stm32cube.ide.mcu.externaltools.gnu-tools-for-stm32.11.3.rel1.win32_1.1.100.202309141235/tools/bin/../lib/gcc/arm-none-eabi/11.3.1/../../../../arm-none-eabi/lib/thumb/v6-m/nofp\libc_nano.a(libc_a-mlock.o)
                0x0000000008003b74                __malloc_lock
 .text.__malloc_unlock
                0x0000000008003b84       0x10 C:/ST/STM32CubeIDE_1.13.2/STM32CubeIDE/plugins/com.st.stm32cube.ide.mcu.externaltools.gnu-tools-for-stm32.11.3.rel1.win32_1.1.100.202309141235/tools/bin/../lib/gcc/arm-none-eabi/11.3.1/../../../../arm-none-eabi/lib/thumb/v6-m/nofp\libc_nano.a(libc_a-mlock.o)
                0x0000000008003b84                __malloc_unlock
 .text.realloc  0x0000000008003b94       0x14 C:/ST/STM32CubeIDE_1.13.2/STM32CubeIDE/plugins/com.st.stm32cube.ide.mcu.externaltools.gnu-tools-for-stm32.11.3.rel1.win32_1.1.100.202309141235/tools/bin/../lib/gcc/arm-none-eabi/11.3.1/../../../../arm-none-eabi/lib/thumb/v6-m/nofp\libc_nano.a(libc_a-realloc.o)
                0x0000000008003b94                realloc
 .text._realloc_r
                0x0000000008003ba8       0x5e C:/ST/STM32CubeIDE_1.13.2/STM32CubeIDE/plugins/com.st.stm32cube.ide.mcu.externaltools.gnu-tools-for-stm32.11.3.rel1.win32_1.1.100.202309141235/tools/bin/../lib/gcc/arm-none-eabi/11.3.1/../../../../arm-none-eabi/lib/thumb/v6-m/nofp\libc_nano.a(libc_a-reallocr.o)
                0x0000000008003ba8                _realloc_r
 .text.memset   0x0000000008003c06       0x10 C:/ST/STM32CubeIDE_1.13.2/STM32CubeIDE/plugins/com.st.stm32cube.ide.mcu.externaltools.gnu-tools-for-stm32.11.3.rel1.win32_1.1.100.202309141235/tools/bin/../lib/gcc/arm-none-eabi/11.3.1/../../../../arm-none-eabi/lib/thumb/v6-m/nofp\libc_nano.a(libc_a-memset.o)
                0x0000000008003c06                memset
 *fill*         0x0000000008003c16        0x2 
 .text._sbrk_r  0x0000000008003c18       0x24 C:/ST/STM32CubeIDE_1.13.2/STM32CubeIDE/plugins/com.st.stm32cube.ide.mcu.externaltools.gnu-tools-for-stm32.11.3.rel1.win32_1.1.100.202309141235/tools/bin/../lib/gcc/arm-none-eabi/11.3.1/../../../../arm-none-eabi/lib/thumb/v6-m/nofp\libc_nano.a(libc_a-sbrkr.o)
                0x0000000008003c18                _sbrk_r
 .text.__errno  0x0000000008003c3c        0xc C:/ST/STM32CubeIDE_1.13.2/STM32CubeIDE/plugins/com.st.stm32cube.ide.mcu.externaltools.gnu-tools-for-stm32.11.3.rel1.win32_1.1.100.202309141235/tools/bin/../lib/gcc/arm-none-eabi/11.3.1/../../../../arm-none-eabi/lib/thumb/v6-m/nofp\libc_nano.a(libc_a-errno.o)
                0x0000000008003c3c                __errno
 .text.__libc_init_array
                0x0000000008003c48       0x48 C:/ST/STM32CubeIDE_1.13.2/STM32CubeIDE/plugins/com.st.stm32cube.ide.mcu.externaltools.gnu-tools-for-stm32.11.3.rel1.win32_1.1.100.202309141235/tools/bin/../lib/gcc/arm-none-eabi/11.3.1/../../../../arm-none-eabi/lib/thumb/v6-m/nofp\libc_nano.a(libc_a-init.o)
                0x0000000008003c48                __libc_init_array
 .text.__retarget_lock_acquire_recursive
                0x0000000008003c90        0x2 C:/ST/STM32CubeIDE_1.13.2/STM32CubeIDE/plugins/com.st.stm32cube.ide.mcu.externaltools.gnu-tools-for-stm32.11.3.rel1.win32_1.1.100.202309141235/tools/bin/../lib/gcc/arm-none-eabi/11.3.1/../../../../arm-none-eabi/lib/thumb/v6-m/nofp\libc_nano.a(libc_a-lock.o)
                0x0000000008003c90                __retarget_lock_acquire_recursive
 .text.__retarget_lock_release_recursive
                0x0000000008003c92        0x2 C:/ST/STM32CubeIDE_1.13.2/STM32CubeIDE/plugins/com.st.stm32cube.ide.mcu.externaltools.gnu-tools-for-stm32.11.3.rel1.win32_1.1.100.202309141235/tools/bin/../lib/gcc/arm-none-eabi/11.3.1/../../../../arm-none-eabi/lib/thumb/v6-m/nofp\libc_nano.a(libc_a-lock.o)
                0x0000000008003c92                __retarget_lock_release_recursive
 .text.memcpy   0x0000000008003c94       0x12 C:/ST/STM32CubeIDE_1.13.2/STM32CubeIDE/plugins/com.st.stm32cube.ide.mcu.externaltools.gnu-tools-for-stm32.11.3.rel1.win32_1.1.100.202309141235/tools/bin/../lib/gcc/arm-none-eabi/11.3.1/../../../../arm-none-eabi/lib/thumb/v6-m/nofp\libc_nano.a(libc_a-memcpy-stub.o)
                0x0000000008003c94                memcpy
 *fill*         0x0000000008003ca6        0x2 
 .text._free_r  0x0000000008003ca8       0x94 C:/ST/STM32CubeIDE_1.13.2/STM32CubeIDE/plugins/com.st.stm32cube.ide.mcu.externaltools.gnu-tools-for-stm32.11.3.rel1.win32_1.1.100.202309141235/tools/bin/../lib/gcc/arm-none-eabi/11.3.1/../../../../arm-none-eabi/lib/thumb/v6-m/nofp\libc_nano.a(libc_a-freer.o)
                0x0000000008003ca8                _free_r
 .text._malloc_usable_size_r
                0x0000000008003d3c       0x10 C:/ST/STM32CubeIDE_1.13.2/STM32CubeIDE/plugins/com.st.stm32cube.ide.mcu.externaltools.gnu-tools-for-stm32.11.3.rel1.win32_1.1.100.202309141235/tools/bin/../lib/gcc/arm-none-eabi/11.3.1/../../../../arm-none-eabi/lib/thumb/v6-m/nofp\libc_nano.a(libc_a-msizer.o)
                0x0000000008003d3c                _malloc_usable_size_r
 *(.glue_7)
 .glue_7        0x0000000008003d4c        0x0 linker stubs
 *(.glue_7t)
 .glue_7t       0x0000000008003d4c        0x0 linker stubs
 *(.eh_frame)
 .eh_frame      0x0000000008003d4c        0x0 C:/ST/STM32CubeIDE_1.13.2/STM32CubeIDE/plugins/com.st.stm32cube.ide.mcu.externaltools.gnu-tools-for-stm32.11.3.rel1.win32_1.1.100.202309141235/tools/bin/../lib/gcc/arm-none-eabi/11.3.1/thumb/v6-m/nofp/crtbegin.o
 *(.init)
 .init          0x0000000008003d4c        0x4 C:/ST/STM32CubeIDE_1.13.2/STM32CubeIDE/plugins/com.st.stm32cube.ide.mcu.externaltools.gnu-tools-for-stm32.11.3.rel1.win32_1.1.100.202309141235/tools/bin/../lib/gcc/arm-none-eabi/11.3.1/thumb/v6-m/nofp/crti.o
                0x0000000008003d4c                _init
 .init          0x0000000008003d50        0x8 C:/ST/STM32CubeIDE_1.13.2/STM32CubeIDE/plugins/com.st.stm32cube.ide.mcu.externaltools.gnu-tools-for-stm32.11.3.rel1.win32_1.1.100.202309141235/tools/bin/../lib/gcc/arm-none-eabi/11.3.1/thumb/v6-m/nofp/crtn.o
 *(.fini)
 .fini          0x0000000008003d58        0x4 C:/ST/STM32CubeIDE_1.13.2/STM32CubeIDE/plugins/com.st.stm32cube.ide.mcu.externaltools.gnu-tools-for-stm32.11.3.rel1.win32_1.1.100.202309141235/tools/bin/../lib/gcc/arm-none-eabi/11.3.1/thumb/v6-m/nofp/crti.o
                0x0000000008003d58                _fini
 .fini          0x0000000008003d5c        0x8 C:/ST/STM32CubeIDE_1.13.2/STM32CubeIDE/plugins/com.st.stm32cube.ide.mcu.externaltools.gnu-tools-for-stm32.11.3.rel1.win32_1.1.100.202309141235/tools/bin/../lib/gcc/arm-none-eabi/11.3.1/thumb/v6-m/nofp/crtn.o
                0x0000000008003d64                . = ALIGN (0x4)
                0x0000000008003d64                _etext = .

.vfp11_veneer   0x0000000008003d64        0x0
 .vfp11_veneer  0x0000000008003d64        0x0 linker stubs

.v4_bx          0x0000000008003d64        0x0
 .v4_bx         0x0000000008003d64        0x0 linker stubs

.iplt           0x0000000008003d64        0x0
 .iplt          0x0000000008003d64        0x0 C:/ST/STM32CubeIDE_1.13.2/STM32CubeIDE/plugins/com.st.stm32cube.ide.mcu.externaltools.gnu-tools-for-stm32.11.3.rel1.win32_1.1.100.202309141235/tools/bin/../lib/gcc/arm-none-eabi/11.3.1/thumb/v6-m/nofp/crtbegin.o

.rodata         0x0000000008003d64       0x30
                0x0000000008003d64                . = ALIGN (0x4)
 *(.rodata)
 *(.rodata*)
 .rodata.AHBPrescTable
                0x0000000008003d64       0x10 ./Core/Src/system_stm32f0xx.o
                0x0000000008003d64                AHBPrescTable
 .rodata.aPLLMULFactorTable.1
                0x0000000008003d74       0x10 ./Drivers/STM32F0xx_HAL_Driver/Src/stm32f0xx_hal_rcc.o
 .rodata.aPredivFactorTable.0
                0x0000000008003d84       0x10 ./Drivers/STM32F0xx_HAL_Driver/Src/stm32f0xx_hal_rcc.o
                0x0000000008003d94                . = ALIGN (0x4)

.rel.dyn        0x0000000008003d94        0x0
 .rel.iplt      0x0000000008003d94        0x0 C:/ST/STM32CubeIDE_1.13.2/STM32CubeIDE/plugins/com.st.stm32cube.ide.mcu.externaltools.gnu-tools-for-stm32.11.3.rel1.win32_1.1.100.202309141235/tools/bin/../lib/gcc/arm-none-eabi/11.3.1/thumb/v6-m/nofp/crtbegin.o

.ARM.extab      0x0000000008003d94        0x0
                0x0000000008003d94                . = ALIGN (0x4)
 *(.ARM.extab* .gnu.linkonce.armextab.*)
                0x0000000008003d94                . = ALIGN (0x4)

.ARM            0x0000000008003d94        0x0
                0x0000000008003d94                . = ALIGN (0x4)
                0x0000000008003d94                __exidx_start = .
 *(.ARM.exidx*)
                0x0000000008003d94                __exidx_end = .
                0x0000000008003d94                . = ALIGN (0x4)

.preinit_array  0x0000000008003d94        0x0
                0x0000000008003d94                . = ALIGN (0x4)
                0x0000000008003d94                PROVIDE (__preinit_array_start = .)
 *(.preinit_array*)
                0x0000000008003d94                PROVIDE (__preinit_array_end = .)
                0x0000000008003d94                . = ALIGN (0x4)

.init_array     0x0000000008003d94        0x4
                0x0000000008003d94                . = ALIGN (0x4)
                0x0000000008003d94                PROVIDE (__init_array_start = .)
 *(SORT_BY_NAME(.init_array.*))
 *(.init_array*)
 .init_array    0x0000000008003d94        0x4 C:/ST/STM32CubeIDE_1.13.2/STM32CubeIDE/plugins/com.st.stm32cube.ide.mcu.externaltools.gnu-tools-for-stm32.11.3.rel1.win32_1.1.100.202309141235/tools/bin/../lib/gcc/arm-none-eabi/11.3.1/thumb/v6-m/nofp/crtbegin.o
                0x0000000008003d98                PROVIDE (__init_array_end = .)
                0x0000000008003d98                . = ALIGN (0x4)

.fini_array     0x0000000008003d98        0x4
                0x0000000008003d98                . = ALIGN (0x4)
                [!provide]                        PROVIDE (__fini_array_start = .)
 *(SORT_BY_NAME(.fini_array.*))
 *(.fini_array*)
 .fini_array    0x0000000008003d98        0x4 C:/ST/STM32CubeIDE_1.13.2/STM32CubeIDE/plugins/com.st.stm32cube.ide.mcu.externaltools.gnu-tools-for-stm32.11.3.rel1.win32_1.1.100.202309141235/tools/bin/../lib/gcc/arm-none-eabi/11.3.1/thumb/v6-m/nofp/crtbegin.o
                [!provide]                        PROVIDE (__fini_array_end = .)
                0x0000000008003d9c                . = ALIGN (0x4)
                0x0000000008003d9c                _sidata = LOADADDR (.data)

.data           0x0000000020000000       0x68 load address 0x0000000008003d9c
                0x0000000020000000                . = ALIGN (0x4)
                0x0000000020000000                _sdata = .
 *(.data)
 *(.data*)
 .data.receive_state_packet
                0x0000000020000000        0x8 ./Core/Src/main.o
                0x0000000020000000                receive_state_packet
 .data.sensor_node_state
                0x0000000020000008        0x1 ./Core/Src/main.o
                0x0000000020000008                sensor_node_state
 *fill*         0x0000000020000009        0x3 
 .data.SystemCoreClock
                0x000000002000000c        0x4 ./Core/Src/system_stm32f0xx.o
                0x000000002000000c                SystemCoreClock
 .data.uwTickPrio
                0x0000000020000010        0x4 ./Drivers/STM32F0xx_HAL_Driver/Src/stm32f0xx_hal.o
                0x0000000020000010                uwTickPrio
 .data.uwTickFreq
                0x0000000020000014        0x1 ./Drivers/STM32F0xx_HAL_Driver/Src/stm32f0xx_hal.o
                0x0000000020000014                uwTickFreq
 *fill*         0x0000000020000015        0x3 
 .data._impure_data
                0x0000000020000018       0x4c C:/ST/STM32CubeIDE_1.13.2/STM32CubeIDE/plugins/com.st.stm32cube.ide.mcu.externaltools.gnu-tools-for-stm32.11.3.rel1.win32_1.1.100.202309141235/tools/bin/../lib/gcc/arm-none-eabi/11.3.1/../../../../arm-none-eabi/lib/thumb/v6-m/nofp\libc_nano.a(libc_a-impure.o)
                0x0000000020000018                _impure_data
 .data._impure_ptr
                0x0000000020000064        0x4 C:/ST/STM32CubeIDE_1.13.2/STM32CubeIDE/plugins/com.st.stm32cube.ide.mcu.externaltools.gnu-tools-for-stm32.11.3.rel1.win32_1.1.100.202309141235/tools/bin/../lib/gcc/arm-none-eabi/11.3.1/../../../../arm-none-eabi/lib/thumb/v6-m/nofp\libc_nano.a(libc_a-impure.o)
                0x0000000020000064                _impure_ptr
 *(.RamFunc)
 *(.RamFunc*)
                0x0000000020000068                . = ALIGN (0x4)
                0x0000000020000068                _edata = .

.igot.plt       0x0000000020000068        0x0 load address 0x0000000008003e04
 .igot.plt      0x0000000020000068        0x0 C:/ST/STM32CubeIDE_1.13.2/STM32CubeIDE/plugins/com.st.stm32cube.ide.mcu.externaltools.gnu-tools-for-stm32.11.3.rel1.win32_1.1.100.202309141235/tools/bin/../lib/gcc/arm-none-eabi/11.3.1/thumb/v6-m/nofp/crtbegin.o
                0x0000000020000068                . = ALIGN (0x4)

.bss            0x0000000020000068      0x230 load address 0x0000000008003e04
                0x0000000020000068                _sbss = .
                0x0000000020000068                __bss_start__ = _sbss
 *(.bss)
 .bss           0x0000000020000068       0x1c C:/ST/STM32CubeIDE_1.13.2/STM32CubeIDE/plugins/com.st.stm32cube.ide.mcu.externaltools.gnu-tools-for-stm32.11.3.rel1.win32_1.1.100.202309141235/tools/bin/../lib/gcc/arm-none-eabi/11.3.1/thumb/v6-m/nofp/crtbegin.o
 *(.bss*)
 .bss._bmp180_ui2c
                0x0000000020000084        0x4 ./Core/Src/bmp180.o
                0x0000000020000084                _bmp180_ui2c
 .bss._bmp180_eeprom
                0x0000000020000088       0x16 ./Core/Src/bmp180.o
                0x0000000020000088                _bmp180_eeprom
 .bss._bmp180_oss
                0x000000002000009e        0x1 ./Core/Src/bmp180.o
                0x000000002000009e                _bmp180_oss
 *fill*         0x000000002000009f        0x1 
 .bss.hi2c1     0x00000000200000a0       0x54 ./Core/Src/main.o
                0x00000000200000a0                hi2c1
 .bss.hcan      0x00000000200000f4       0x28 ./Core/Src/main.o
                0x00000000200000f4                hcan
 .bss.rx_header
                0x000000002000011c       0x1c ./Core/Src/main.o
                0x000000002000011c                rx_header
 .bss.rx_data   0x0000000020000138        0x8 ./Core/Src/main.o
                0x0000000020000138                rx_data
 .bss.mpui2c    0x0000000020000140        0x4 ./Core/Src/mpu6050.o
                0x0000000020000140                mpui2c
 .bss.mpu       0x0000000020000144        0x4 ./Core/Src/mpu6050.o
                0x0000000020000144                mpu
 .bss.__sbrk_heap_end
                0x0000000020000148        0x4 ./Core/Src/sysmem.o
 .bss.uwTick    0x000000002000014c        0x4 ./Drivers/STM32F0xx_HAL_Driver/Src/stm32f0xx_hal.o
                0x000000002000014c                uwTick
 .bss.__malloc_free_list
                0x0000000020000150        0x4 C:/ST/STM32CubeIDE_1.13.2/STM32CubeIDE/plugins/com.st.stm32cube.ide.mcu.externaltools.gnu-tools-for-stm32.11.3.rel1.win32_1.1.100.202309141235/tools/bin/../lib/gcc/arm-none-eabi/11.3.1/../../../../arm-none-eabi/lib/thumb/v6-m/nofp\libc_nano.a(libc_a-mallocr.o)
                0x0000000020000150                __malloc_free_list
 .bss.__malloc_sbrk_start
                0x0000000020000154        0x4 C:/ST/STM32CubeIDE_1.13.2/STM32CubeIDE/plugins/com.st.stm32cube.ide.mcu.externaltools.gnu-tools-for-stm32.11.3.rel1.win32_1.1.100.202309141235/tools/bin/../lib/gcc/arm-none-eabi/11.3.1/../../../../arm-none-eabi/lib/thumb/v6-m/nofp\libc_nano.a(libc_a-mallocr.o)
                0x0000000020000154                __malloc_sbrk_start
 .bss.__sf      0x0000000020000158      0x138 C:/ST/STM32CubeIDE_1.13.2/STM32CubeIDE/plugins/com.st.stm32cube.ide.mcu.externaltools.gnu-tools-for-stm32.11.3.rel1.win32_1.1.100.202309141235/tools/bin/../lib/gcc/arm-none-eabi/11.3.1/../../../../arm-none-eabi/lib/thumb/v6-m/nofp\libc_nano.a(libc_a-findfp.o)
                0x0000000020000158                __sf
 .bss.errno     0x0000000020000290        0x4 C:/ST/STM32CubeIDE_1.13.2/STM32CubeIDE/plugins/com.st.stm32cube.ide.mcu.externaltools.gnu-tools-for-stm32.11.3.rel1.win32_1.1.100.202309141235/tools/bin/../lib/gcc/arm-none-eabi/11.3.1/../../../../arm-none-eabi/lib/thumb/v6-m/nofp\libc_nano.a(libc_a-reent.o)
                0x0000000020000290                errno
 .bss.__lock___malloc_recursive_mutex
                0x0000000020000294        0x1 C:/ST/STM32CubeIDE_1.13.2/STM32CubeIDE/plugins/com.st.stm32cube.ide.mcu.externaltools.gnu-tools-for-stm32.11.3.rel1.win32_1.1.100.202309141235/tools/bin/../lib/gcc/arm-none-eabi/11.3.1/../../../../arm-none-eabi/lib/thumb/v6-m/nofp\libc_nano.a(libc_a-lock.o)
                0x0000000020000294                __lock___malloc_recursive_mutex
 *(COMMON)
                0x0000000020000298                . = ALIGN (0x4)
 *fill*         0x0000000020000295        0x3 
                0x0000000020000298                _ebss = .
                0x0000000020000298                __bss_end__ = _ebss

._user_heap_stack
                0x0000000020000298      0x600 load address 0x0000000008003e04
                0x0000000020000298                . = ALIGN (0x8)
                [!provide]                        PROVIDE (end = .)
                0x0000000020000298                PROVIDE (_end = .)
                0x0000000020000498                . = (. + _Min_Heap_Size)
 *fill*         0x0000000020000298      0x200 
                0x0000000020000898                . = (. + _Min_Stack_Size)
 *fill*         0x0000000020000498      0x400 
                0x0000000020000898                . = ALIGN (0x8)

/DISCARD/
 libc.a(*)
 libm.a(*)
 libgcc.a(*)

.ARM.attributes
                0x0000000000000000       0x28
 *(.ARM.attributes)
 .ARM.attributes
                0x0000000000000000       0x1e C:/ST/STM32CubeIDE_1.13.2/STM32CubeIDE/plugins/com.st.stm32cube.ide.mcu.externaltools.gnu-tools-for-stm32.11.3.rel1.win32_1.1.100.202309141235/tools/bin/../lib/gcc/arm-none-eabi/11.3.1/thumb/v6-m/nofp/crti.o
 .ARM.attributes
                0x000000000000001e       0x2c C:/ST/STM32CubeIDE_1.13.2/STM32CubeIDE/plugins/com.st.stm32cube.ide.mcu.externaltools.gnu-tools-for-stm32.11.3.rel1.win32_1.1.100.202309141235/tools/bin/../lib/gcc/arm-none-eabi/11.3.1/thumb/v6-m/nofp/crtbegin.o
 .ARM.attributes
                0x000000000000004a       0x2c ./Core/Src/bmp180.o
 .ARM.attributes
                0x0000000000000076       0x2c ./Core/Src/main.o
 .ARM.attributes
                0x00000000000000a2       0x2c ./Core/Src/mpu6050.o
 .ARM.attributes
                0x00000000000000ce       0x2c ./Core/Src/stm32f0xx_hal_msp.o
 .ARM.attributes
                0x00000000000000fa       0x2c ./Core/Src/stm32f0xx_it.o
 .ARM.attributes
                0x0000000000000126       0x2c ./Core/Src/sysmem.o
 .ARM.attributes
                0x0000000000000152       0x2c ./Core/Src/system_stm32f0xx.o
 .ARM.attributes
                0x000000000000017e       0x21 ./Core/Startup/startup_stm32f072rbtx.o
 .ARM.attributes
                0x000000000000019f       0x2c ./Drivers/STM32F0xx_HAL_Driver/Src/stm32f0xx_hal.o
 .ARM.attributes
                0x00000000000001cb       0x2c ./Drivers/STM32F0xx_HAL_Driver/Src/stm32f0xx_hal_can.o
 .ARM.attributes
                0x00000000000001f7       0x2c ./Drivers/STM32F0xx_HAL_Driver/Src/stm32f0xx_hal_cortex.o
 .ARM.attributes
                0x0000000000000223       0x2c ./Drivers/STM32F0xx_HAL_Driver/Src/stm32f0xx_hal_gpio.o
 .ARM.attributes
                0x000000000000024f       0x2c ./Drivers/STM32F0xx_HAL_Driver/Src/stm32f0xx_hal_i2c.o
 .ARM.attributes
                0x000000000000027b       0x2c ./Drivers/STM32F0xx_HAL_Driver/Src/stm32f0xx_hal_i2c_ex.o
 .ARM.attributes
                0x00000000000002a7       0x2c ./Drivers/STM32F0xx_HAL_Driver/Src/stm32f0xx_hal_rcc.o
 .ARM.attributes
                0x00000000000002d3       0x2c ./Drivers/STM32F0xx_HAL_Driver/Src/stm32f0xx_hal_rcc_ex.o
 .ARM.attributes
                0x00000000000002ff       0x2c C:/ST/STM32CubeIDE_1.13.2/STM32CubeIDE/plugins/com.st.stm32cube.ide.mcu.externaltools.gnu-tools-for-stm32.11.3.rel1.win32_1.1.100.202309141235/tools/bin/../lib/gcc/arm-none-eabi/11.3.1/../../../../arm-none-eabi/lib/thumb/v6-m/nofp\libc_nano.a(libc_a-calloc.o)
 .ARM.attributes
                0x000000000000032b       0x2c C:/ST/STM32CubeIDE_1.13.2/STM32CubeIDE/plugins/com.st.stm32cube.ide.mcu.externaltools.gnu-tools-for-stm32.11.3.rel1.win32_1.1.100.202309141235/tools/bin/../lib/gcc/arm-none-eabi/11.3.1/../../../../arm-none-eabi/lib/thumb/v6-m/nofp\libc_nano.a(libc_a-callocr.o)
 .ARM.attributes
                0x0000000000000357       0x2c C:/ST/STM32CubeIDE_1.13.2/STM32CubeIDE/plugins/com.st.stm32cube.ide.mcu.externaltools.gnu-tools-for-stm32.11.3.rel1.win32_1.1.100.202309141235/tools/bin/../lib/gcc/arm-none-eabi/11.3.1/../../../../arm-none-eabi/lib/thumb/v6-m/nofp\libc_nano.a(libc_a-malloc.o)
 .ARM.attributes
                0x0000000000000383       0x2c C:/ST/STM32CubeIDE_1.13.2/STM32CubeIDE/plugins/com.st.stm32cube.ide.mcu.externaltools.gnu-tools-for-stm32.11.3.rel1.win32_1.1.100.202309141235/tools/bin/../lib/gcc/arm-none-eabi/11.3.1/../../../../arm-none-eabi/lib/thumb/v6-m/nofp\libc_nano.a(libc_a-mallocr.o)
 .ARM.attributes
                0x00000000000003af       0x2c C:/ST/STM32CubeIDE_1.13.2/STM32CubeIDE/plugins/com.st.stm32cube.ide.mcu.externaltools.gnu-tools-for-stm32.11.3.rel1.win32_1.1.100.202309141235/tools/bin/../lib/gcc/arm-none-eabi/11.3.1/../../../../arm-none-eabi/lib/thumb/v6-m/nofp\libc_nano.a(libc_a-mlock.o)
 .ARM.attributes
                0x00000000000003db       0x2c C:/ST/STM32CubeIDE_1.13.2/STM32CubeIDE/plugins/com.st.stm32cube.ide.mcu.externaltools.gnu-tools-for-stm32.11.3.rel1.win32_1.1.100.202309141235/tools/bin/../lib/gcc/arm-none-eabi/11.3.1/../../../../arm-none-eabi/lib/thumb/v6-m/nofp\libc_nano.a(libc_a-realloc.o)
 .ARM.attributes
                0x0000000000000407       0x2c C:/ST/STM32CubeIDE_1.13.2/STM32CubeIDE/plugins/com.st.stm32cube.ide.mcu.externaltools.gnu-tools-for-stm32.11.3.rel1.win32_1.1.100.202309141235/tools/bin/../lib/gcc/arm-none-eabi/11.3.1/../../../../arm-none-eabi/lib/thumb/v6-m/nofp\libc_nano.a(libc_a-reallocr.o)
 .ARM.attributes
                0x0000000000000433       0x2c C:/ST/STM32CubeIDE_1.13.2/STM32CubeIDE/plugins/com.st.stm32cube.ide.mcu.externaltools.gnu-tools-for-stm32.11.3.rel1.win32_1.1.100.202309141235/tools/bin/../lib/gcc/arm-none-eabi/11.3.1/../../../../arm-none-eabi/lib/thumb/v6-m/nofp\libc_nano.a(libc_a-findfp.o)
 .ARM.attributes
                0x000000000000045f       0x2c C:/ST/STM32CubeIDE_1.13.2/STM32CubeIDE/plugins/com.st.stm32cube.ide.mcu.externaltools.gnu-tools-for-stm32.11.3.rel1.win32_1.1.100.202309141235/tools/bin/../lib/gcc/arm-none-eabi/11.3.1/../../../../arm-none-eabi/lib/thumb/v6-m/nofp\libc_nano.a(libc_a-memset.o)
 .ARM.attributes
                0x000000000000048b       0x2c C:/ST/STM32CubeIDE_1.13.2/STM32CubeIDE/plugins/com.st.stm32cube.ide.mcu.externaltools.gnu-tools-for-stm32.11.3.rel1.win32_1.1.100.202309141235/tools/bin/../lib/gcc/arm-none-eabi/11.3.1/../../../../arm-none-eabi/lib/thumb/v6-m/nofp\libc_nano.a(libc_a-reent.o)
 .ARM.attributes
                0x00000000000004b7       0x2c C:/ST/STM32CubeIDE_1.13.2/STM32CubeIDE/plugins/com.st.stm32cube.ide.mcu.externaltools.gnu-tools-for-stm32.11.3.rel1.win32_1.1.100.202309141235/tools/bin/../lib/gcc/arm-none-eabi/11.3.1/../../../../arm-none-eabi/lib/thumb/v6-m/nofp\libc_nano.a(libc_a-impure.o)
 .ARM.attributes
                0x00000000000004e3       0x2c C:/ST/STM32CubeIDE_1.13.2/STM32CubeIDE/plugins/com.st.stm32cube.ide.mcu.externaltools.gnu-tools-for-stm32.11.3.rel1.win32_1.1.100.202309141235/tools/bin/../lib/gcc/arm-none-eabi/11.3.1/../../../../arm-none-eabi/lib/thumb/v6-m/nofp\libc_nano.a(libc_a-sbrkr.o)
 .ARM.attributes
                0x000000000000050f       0x2c C:/ST/STM32CubeIDE_1.13.2/STM32CubeIDE/plugins/com.st.stm32cube.ide.mcu.externaltools.gnu-tools-for-stm32.11.3.rel1.win32_1.1.100.202309141235/tools/bin/../lib/gcc/arm-none-eabi/11.3.1/../../../../arm-none-eabi/lib/thumb/v6-m/nofp\libc_nano.a(libc_a-errno.o)
 .ARM.attributes
                0x000000000000053b       0x2c C:/ST/STM32CubeIDE_1.13.2/STM32CubeIDE/plugins/com.st.stm32cube.ide.mcu.externaltools.gnu-tools-for-stm32.11.3.rel1.win32_1.1.100.202309141235/tools/bin/../lib/gcc/arm-none-eabi/11.3.1/../../../../arm-none-eabi/lib/thumb/v6-m/nofp\libc_nano.a(libc_a-init.o)
 .ARM.attributes
                0x0000000000000567       0x2c C:/ST/STM32CubeIDE_1.13.2/STM32CubeIDE/plugins/com.st.stm32cube.ide.mcu.externaltools.gnu-tools-for-stm32.11.3.rel1.win32_1.1.100.202309141235/tools/bin/../lib/gcc/arm-none-eabi/11.3.1/../../../../arm-none-eabi/lib/thumb/v6-m/nofp\libc_nano.a(libc_a-lock.o)
 .ARM.attributes
                0x0000000000000593       0x2c C:/ST/STM32CubeIDE_1.13.2/STM32CubeIDE/plugins/com.st.stm32cube.ide.mcu.externaltools.gnu-tools-for-stm32.11.3.rel1.win32_1.1.100.202309141235/tools/bin/../lib/gcc/arm-none-eabi/11.3.1/../../../../arm-none-eabi/lib/thumb/v6-m/nofp\libc_nano.a(libc_a-memcpy-stub.o)
 .ARM.attributes
                0x00000000000005bf       0x2c C:/ST/STM32CubeIDE_1.13.2/STM32CubeIDE/plugins/com.st.stm32cube.ide.mcu.externaltools.gnu-tools-for-stm32.11.3.rel1.win32_1.1.100.202309141235/tools/bin/../lib/gcc/arm-none-eabi/11.3.1/../../../../arm-none-eabi/lib/thumb/v6-m/nofp\libc_nano.a(libc_a-freer.o)
 .ARM.attributes
                0x00000000000005eb       0x2c C:/ST/STM32CubeIDE_1.13.2/STM32CubeIDE/plugins/com.st.stm32cube.ide.mcu.externaltools.gnu-tools-for-stm32.11.3.rel1.win32_1.1.100.202309141235/tools/bin/../lib/gcc/arm-none-eabi/11.3.1/../../../../arm-none-eabi/lib/thumb/v6-m/nofp\libc_nano.a(libc_a-msizer.o)
 .ARM.attributes
                0x0000000000000617       0x1e C:/ST/STM32CubeIDE_1.13.2/STM32CubeIDE/plugins/com.st.stm32cube.ide.mcu.externaltools.gnu-tools-for-stm32.11.3.rel1.win32_1.1.100.202309141235/tools/bin/../lib/gcc/arm-none-eabi/11.3.1/thumb/v6-m/nofp\libgcc.a(_udivsi3.o)
 .ARM.attributes
                0x0000000000000635       0x1e C:/ST/STM32CubeIDE_1.13.2/STM32CubeIDE/plugins/com.st.stm32cube.ide.mcu.externaltools.gnu-tools-for-stm32.11.3.rel1.win32_1.1.100.202309141235/tools/bin/../lib/gcc/arm-none-eabi/11.3.1/thumb/v6-m/nofp\libgcc.a(_dvmd_tls.o)
 .ARM.attributes
                0x0000000000000653       0x1e C:/ST/STM32CubeIDE_1.13.2/STM32CubeIDE/plugins/com.st.stm32cube.ide.mcu.externaltools.gnu-tools-for-stm32.11.3.rel1.win32_1.1.100.202309141235/tools/bin/../lib/gcc/arm-none-eabi/11.3.1/thumb/v6-m/nofp/crtn.o
OUTPUT(Sensor_Node.elf elf32-littlearm)
LOAD linker stubs
LOAD C:/ST/STM32CubeIDE_1.13.2/STM32CubeIDE/plugins/com.st.stm32cube.ide.mcu.externaltools.gnu-tools-for-stm32.11.3.rel1.win32_1.1.100.202309141235/tools/bin/../lib/gcc/arm-none-eabi/11.3.1/../../../../arm-none-eabi/lib/thumb/v6-m/nofp\libc.a
LOAD C:/ST/STM32CubeIDE_1.13.2/STM32CubeIDE/plugins/com.st.stm32cube.ide.mcu.externaltools.gnu-tools-for-stm32.11.3.rel1.win32_1.1.100.202309141235/tools/bin/../lib/gcc/arm-none-eabi/11.3.1/../../../../arm-none-eabi/lib/thumb/v6-m/nofp\libm.a
LOAD C:/ST/STM32CubeIDE_1.13.2/STM32CubeIDE/plugins/com.st.stm32cube.ide.mcu.externaltools.gnu-tools-for-stm32.11.3.rel1.win32_1.1.100.202309141235/tools/bin/../lib/gcc/arm-none-eabi/11.3.1/thumb/v6-m/nofp\libgcc.a

.comment        0x0000000000000000       0x43
 .comment       0x0000000000000000       0x43 C:/ST/STM32CubeIDE_1.13.2/STM32CubeIDE/plugins/com.st.stm32cube.ide.mcu.externaltools.gnu-tools-for-stm32.11.3.rel1.win32_1.1.100.202309141235/tools/bin/../lib/gcc/arm-none-eabi/11.3.1/thumb/v6-m/nofp/crtbegin.o
                                         0x44 (size before relaxing)
 .comment       0x0000000000000043       0x44 ./Core/Src/bmp180.o
 .comment       0x0000000000000043       0x44 ./Core/Src/main.o
 .comment       0x0000000000000043       0x44 ./Core/Src/mpu6050.o
 .comment       0x0000000000000043       0x44 ./Core/Src/stm32f0xx_hal_msp.o
 .comment       0x0000000000000043       0x44 ./Core/Src/stm32f0xx_it.o
 .comment       0x0000000000000043       0x44 ./Core/Src/sysmem.o
 .comment       0x0000000000000043       0x44 ./Core/Src/system_stm32f0xx.o
 .comment       0x0000000000000043       0x44 ./Drivers/STM32F0xx_HAL_Driver/Src/stm32f0xx_hal.o
 .comment       0x0000000000000043       0x44 ./Drivers/STM32F0xx_HAL_Driver/Src/stm32f0xx_hal_can.o
 .comment       0x0000000000000043       0x44 ./Drivers/STM32F0xx_HAL_Driver/Src/stm32f0xx_hal_cortex.o
 .comment       0x0000000000000043       0x44 ./Drivers/STM32F0xx_HAL_Driver/Src/stm32f0xx_hal_gpio.o
 .comment       0x0000000000000043       0x44 ./Drivers/STM32F0xx_HAL_Driver/Src/stm32f0xx_hal_i2c.o
 .comment       0x0000000000000043       0x44 ./Drivers/STM32F0xx_HAL_Driver/Src/stm32f0xx_hal_i2c_ex.o
 .comment       0x0000000000000043       0x44 ./Drivers/STM32F0xx_HAL_Driver/Src/stm32f0xx_hal_rcc.o
 .comment       0x0000000000000043       0x44 ./Drivers/STM32F0xx_HAL_Driver/Src/stm32f0xx_hal_rcc_ex.o

.debug_info     0x0000000000000000     0x9a35
 .debug_info    0x0000000000000000      0xacc ./Core/Src/bmp180.o
 .debug_info    0x0000000000000acc     0x175b ./Core/Src/main.o
 .debug_info    0x0000000000002227      0x8af ./Core/Src/mpu6050.o
 .debug_info    0x0000000000002ad6      0xe01 ./Core/Src/stm32f0xx_hal_msp.o
 .debug_info    0x00000000000038d7      0x4bf ./Core/Src/stm32f0xx_it.o
 .debug_info    0x0000000000003d96      0x168 ./Core/Src/sysmem.o
 .debug_info    0x0000000000003efe      0x242 ./Core/Src/system_stm32f0xx.o
 .debug_info    0x0000000000004140       0x23 ./Core/Startup/startup_stm32f072rbtx.o
 .debug_info    0x0000000000004163      0x6c9 ./Drivers/STM32F0xx_HAL_Driver/Src/stm32f0xx_hal.o
 .debug_info    0x000000000000482c      0xec9 ./Drivers/STM32F0xx_HAL_Driver/Src/stm32f0xx_hal_can.o
 .debug_info    0x00000000000056f5      0x6c5 ./Drivers/STM32F0xx_HAL_Driver/Src/stm32f0xx_hal_cortex.o
 .debug_info    0x0000000000005dba      0x5a6 ./Drivers/STM32F0xx_HAL_Driver/Src/stm32f0xx_hal_gpio.o
 .debug_info    0x0000000000006360     0x204a ./Drivers/STM32F0xx_HAL_Driver/Src/stm32f0xx_hal_i2c.o
 .debug_info    0x00000000000083aa      0x830 ./Drivers/STM32F0xx_HAL_Driver/Src/stm32f0xx_hal_i2c_ex.o
 .debug_info    0x0000000000008bda      0x83f ./Drivers/STM32F0xx_HAL_Driver/Src/stm32f0xx_hal_rcc.o
 .debug_info    0x0000000000009419      0x61c ./Drivers/STM32F0xx_HAL_Driver/Src/stm32f0xx_hal_rcc_ex.o

.debug_abbrev   0x0000000000000000     0x1dd0
 .debug_abbrev  0x0000000000000000      0x278 ./Core/Src/bmp180.o
 .debug_abbrev  0x0000000000000278      0x34d ./Core/Src/main.o
 .debug_abbrev  0x00000000000005c5      0x21f ./Core/Src/mpu6050.o
 .debug_abbrev  0x00000000000007e4      0x202 ./Core/Src/stm32f0xx_hal_msp.o
 .debug_abbrev  0x00000000000009e6      0x16c ./Core/Src/stm32f0xx_it.o
 .debug_abbrev  0x0000000000000b52       0xbc ./Core/Src/sysmem.o
 .debug_abbrev  0x0000000000000c0e      0x11c ./Core/Src/system_stm32f0xx.o
 .debug_abbrev  0x0000000000000d2a       0x12 ./Core/Startup/startup_stm32f072rbtx.o
 .debug_abbrev  0x0000000000000d3c      0x213 ./Drivers/STM32F0xx_HAL_Driver/Src/stm32f0xx_hal.o
 .debug_abbrev  0x0000000000000f4f      0x1d4 ./Drivers/STM32F0xx_HAL_Driver/Src/stm32f0xx_hal_can.o
 .debug_abbrev  0x0000000000001123      0x28c ./Drivers/STM32F0xx_HAL_Driver/Src/stm32f0xx_hal_cortex.o
 .debug_abbrev  0x00000000000013af      0x1cb ./Drivers/STM32F0xx_HAL_Driver/Src/stm32f0xx_hal_gpio.o
 .debug_abbrev  0x000000000000157a      0x261 ./Drivers/STM32F0xx_HAL_Driver/Src/stm32f0xx_hal_i2c.o
 .debug_abbrev  0x00000000000017db      0x1c3 ./Drivers/STM32F0xx_HAL_Driver/Src/stm32f0xx_hal_i2c_ex.o
 .debug_abbrev  0x000000000000199e      0x28c ./Drivers/STM32F0xx_HAL_Driver/Src/stm32f0xx_hal_rcc.o
 .debug_abbrev  0x0000000000001c2a      0x1a6 ./Drivers/STM32F0xx_HAL_Driver/Src/stm32f0xx_hal_rcc_ex.o

.debug_aranges  0x0000000000000000      0x958
 .debug_aranges
                0x0000000000000000       0x70 ./Core/Src/bmp180.o
 .debug_aranges
                0x0000000000000070       0x88 ./Core/Src/main.o
 .debug_aranges
                0x00000000000000f8       0x68 ./Core/Src/mpu6050.o
 .debug_aranges
                0x0000000000000160       0x40 ./Core/Src/stm32f0xx_hal_msp.o
 .debug_aranges
                0x00000000000001a0       0x48 ./Core/Src/stm32f0xx_it.o
 .debug_aranges
                0x00000000000001e8       0x20 ./Core/Src/sysmem.o
 .debug_aranges
                0x0000000000000208       0x28 ./Core/Src/system_stm32f0xx.o
 .debug_aranges
                0x0000000000000230       0x28 ./Core/Startup/startup_stm32f072rbtx.o
 .debug_aranges
                0x0000000000000258       0xd0 ./Drivers/STM32F0xx_HAL_Driver/Src/stm32f0xx_hal.o
 .debug_aranges
                0x0000000000000328      0x138 ./Drivers/STM32F0xx_HAL_Driver/Src/stm32f0xx_hal_can.o
 .debug_aranges
                0x0000000000000460       0xc0 ./Drivers/STM32F0xx_HAL_Driver/Src/stm32f0xx_hal_cortex.o
 .debug_aranges
                0x0000000000000520       0x58 ./Drivers/STM32F0xx_HAL_Driver/Src/stm32f0xx_hal_gpio.o
 .debug_aranges
                0x0000000000000578      0x2a0 ./Drivers/STM32F0xx_HAL_Driver/Src/stm32f0xx_hal_i2c.o
 .debug_aranges
                0x0000000000000818       0x48 ./Drivers/STM32F0xx_HAL_Driver/Src/stm32f0xx_hal_i2c_ex.o
 .debug_aranges
                0x0000000000000860       0x80 ./Drivers/STM32F0xx_HAL_Driver/Src/stm32f0xx_hal_rcc.o
 .debug_aranges
                0x00000000000008e0       0x78 ./Drivers/STM32F0xx_HAL_Driver/Src/stm32f0xx_hal_rcc_ex.o

.debug_rnglists
                0x0000000000000000      0x712
 .debug_rnglists
                0x0000000000000000       0x52 ./Core/Src/bmp180.o
 .debug_rnglists
                0x0000000000000052       0x67 ./Core/Src/main.o
 .debug_rnglists
                0x00000000000000b9       0x4b ./Core/Src/mpu6050.o
 .debug_rnglists
                0x0000000000000104       0x2d ./Core/Src/stm32f0xx_hal_msp.o
 .debug_rnglists
                0x0000000000000131       0x31 ./Core/Src/stm32f0xx_it.o
 .debug_rnglists
                0x0000000000000162       0x13 ./Core/Src/sysmem.o
 .debug_rnglists
                0x0000000000000175       0x1a ./Core/Src/system_stm32f0xx.o
 .debug_rnglists
                0x000000000000018f       0x19 ./Core/Startup/startup_stm32f072rbtx.o
 .debug_rnglists
                0x00000000000001a8       0x97 ./Drivers/STM32F0xx_HAL_Driver/Src/stm32f0xx_hal.o
 .debug_rnglists
                0x000000000000023f       0xee ./Drivers/STM32F0xx_HAL_Driver/Src/stm32f0xx_hal_can.o
 .debug_rnglists
                0x000000000000032d       0x8c ./Drivers/STM32F0xx_HAL_Driver/Src/stm32f0xx_hal_cortex.o
 .debug_rnglists
                0x00000000000003b9       0x3f ./Drivers/STM32F0xx_HAL_Driver/Src/stm32f0xx_hal_gpio.o
 .debug_rnglists
                0x00000000000003f8      0x229 ./Drivers/STM32F0xx_HAL_Driver/Src/stm32f0xx_hal_i2c.o
 .debug_rnglists
                0x0000000000000621       0x35 ./Drivers/STM32F0xx_HAL_Driver/Src/stm32f0xx_hal_i2c_ex.o
 .debug_rnglists
                0x0000000000000656       0x61 ./Drivers/STM32F0xx_HAL_Driver/Src/stm32f0xx_hal_rcc.o
 .debug_rnglists
                0x00000000000006b7       0x5b ./Drivers/STM32F0xx_HAL_Driver/Src/stm32f0xx_hal_rcc_ex.o

.debug_macro    0x0000000000000000     0x20c4
 .debug_macro   0x0000000000000000      0x1c6 ./Core/Src/bmp180.o
 .debug_macro   0x00000000000001c6       0x28 ./Core/Src/bmp180.o
 .debug_macro   0x00000000000001ee       0x46 ./Core/Src/bmp180.o
 .debug_macro   0x0000000000000234      0x353 ./Core/Src/main.o
 .debug_macro   0x0000000000000587       0x10 ./Core/Src/main.o
 .debug_macro   0x0000000000000597       0x20 ./Core/Src/main.o
 .debug_macro   0x00000000000005b7       0x1c ./Core/Src/main.o
 .debug_macro   0x00000000000005d3       0x10 ./Core/Src/main.o
 .debug_macro   0x00000000000005e3       0x1c ./Core/Src/main.o
 .debug_macro   0x00000000000005ff       0x16 ./Core/Src/main.o
 .debug_macro   0x0000000000000615      0x147 ./Core/Src/main.o
 .debug_macro   0x000000000000075c       0x64 ./Core/Src/main.o
 .debug_macro   0x00000000000007c0       0x4c ./Core/Src/main.o
 .debug_macro   0x000000000000080c      0x1c2 ./Core/Src/mpu6050.o
 .debug_macro   0x00000000000009ce       0x64 ./Core/Src/mpu6050.o
 .debug_macro   0x0000000000000a32      0x1b3 ./Core/Src/stm32f0xx_hal_msp.o
 .debug_macro   0x0000000000000be5      0x1bd ./Core/Src/stm32f0xx_it.o
 .debug_macro   0x0000000000000da2       0xff ./Core/Src/sysmem.o
 .debug_macro   0x0000000000000ea1      0x23c ./Core/Src/sysmem.o
 .debug_macro   0x00000000000010dd      0x1a4 ./Core/Src/system_stm32f0xx.o
 .debug_macro   0x0000000000001281      0x1c8 ./Drivers/STM32F0xx_HAL_Driver/Src/stm32f0xx_hal.o
 .debug_macro   0x0000000000001449      0x1ac ./Drivers/STM32F0xx_HAL_Driver/Src/stm32f0xx_hal_can.o
 .debug_macro   0x00000000000015f5      0x1a4 ./Drivers/STM32F0xx_HAL_Driver/Src/stm32f0xx_hal_cortex.o
 .debug_macro   0x0000000000001799      0x1ab ./Drivers/STM32F0xx_HAL_Driver/Src/stm32f0xx_hal_gpio.o
 .debug_macro   0x0000000000001944      0x270 ./Drivers/STM32F0xx_HAL_Driver/Src/stm32f0xx_hal_i2c.o
 .debug_macro   0x0000000000001bb4      0x1a4 ./Drivers/STM32F0xx_HAL_Driver/Src/stm32f0xx_hal_i2c_ex.o
 .debug_macro   0x0000000000001d58      0x1b6 ./Drivers/STM32F0xx_HAL_Driver/Src/stm32f0xx_hal_rcc.o
 .debug_macro   0x0000000000001f0e      0x1b6 ./Drivers/STM32F0xx_HAL_Driver/Src/stm32f0xx_hal_rcc_ex.o

.debug_line     0x0000000000000000     0xc8a6
 .debug_line    0x0000000000000000      0xa57 ./Core/Src/bmp180.o
 .debug_line    0x0000000000000a57      0xbf9 ./Core/Src/main.o
 .debug_line    0x0000000000001650      0x9f9 ./Core/Src/mpu6050.o
 .debug_line    0x0000000000002049      0x7bc ./Core/Src/stm32f0xx_hal_msp.o
 .debug_line    0x0000000000002805      0x79a ./Core/Src/stm32f0xx_it.o
 .debug_line    0x0000000000002f9f      0x583 ./Core/Src/sysmem.o
 .debug_line    0x0000000000003522      0x7a5 ./Core/Src/system_stm32f0xx.o
 .debug_line    0x0000000000003cc7       0x7b ./Core/Startup/startup_stm32f072rbtx.o
 .debug_line    0x0000000000003d42      0x990 ./Drivers/STM32F0xx_HAL_Driver/Src/stm32f0xx_hal.o
 .debug_line    0x00000000000046d2     0x115a ./Drivers/STM32F0xx_HAL_Driver/Src/stm32f0xx_hal_can.o
 .debug_line    0x000000000000582c      0xa3c ./Drivers/STM32F0xx_HAL_Driver/Src/stm32f0xx_hal_cortex.o
 .debug_line    0x0000000000006268      0xb20 ./Drivers/STM32F0xx_HAL_Driver/Src/stm32f0xx_hal_gpio.o
 .debug_line    0x0000000000006d88     0x37a6 ./Drivers/STM32F0xx_HAL_Driver/Src/stm32f0xx_hal_i2c.o
 .debug_line    0x000000000000a52e      0x933 ./Drivers/STM32F0xx_HAL_Driver/Src/stm32f0xx_hal_i2c_ex.o
 .debug_line    0x000000000000ae61      0xe18 ./Drivers/STM32F0xx_HAL_Driver/Src/stm32f0xx_hal_rcc.o
 .debug_line    0x000000000000bc79      0xc2d ./Drivers/STM32F0xx_HAL_Driver/Src/stm32f0xx_hal_rcc_ex.o

.debug_str      0x0000000000000000    0x8fe7c
 .debug_str     0x0000000000000000    0x89354 ./Core/Src/bmp180.o
                                      0x8966d (size before relaxing)
 .debug_str     0x0000000000089354     0x44c7 ./Core/Src/main.o
                                      0x8d95b (size before relaxing)
 .debug_str     0x000000000008d81b       0xd2 ./Core/Src/mpu6050.o
                                      0x8953c (size before relaxing)
 .debug_str     0x000000000008d8ed      0x217 ./Core/Src/stm32f0xx_hal_msp.o
                                      0x897f9 (size before relaxing)
 .debug_str     0x000000000008db04       0xa8 ./Core/Src/stm32f0xx_it.o
                                      0x8905d (size before relaxing)
 .debug_str     0x000000000008dbac      0x4dc ./Core/Src/sysmem.o
                                       0x5f4f (size before relaxing)
 .debug_str     0x000000000008e088       0x8b ./Core/Src/system_stm32f0xx.o
                                      0x88d85 (size before relaxing)
 .debug_str     0x000000000008e113       0x34 ./Core/Startup/startup_stm32f072rbtx.o
                                         0x69 (size before relaxing)
 .debug_str     0x000000000008e147      0x37a ./Drivers/STM32F0xx_HAL_Driver/Src/stm32f0xx_hal.o
                                      0x8937b (size before relaxing)
 .debug_str     0x000000000008e4c1      0x389 ./Drivers/STM32F0xx_HAL_Driver/Src/stm32f0xx_hal_can.o
                                      0x89556 (size before relaxing)
 .debug_str     0x000000000008e84a      0x16f ./Drivers/STM32F0xx_HAL_Driver/Src/stm32f0xx_hal_cortex.o
                                      0x8916c (size before relaxing)
 .debug_str     0x000000000008e9b9      0x113 ./Drivers/STM32F0xx_HAL_Driver/Src/stm32f0xx_hal_gpio.o
                                      0x88f26 (size before relaxing)
 .debug_str     0x000000000008eacc      0xe31 ./Drivers/STM32F0xx_HAL_Driver/Src/stm32f0xx_hal_i2c.o
                                      0x8a0e6 (size before relaxing)
 .debug_str     0x000000000008f8fd       0xb8 ./Drivers/STM32F0xx_HAL_Driver/Src/stm32f0xx_hal_i2c_ex.o
                                      0x8930d (size before relaxing)
 .debug_str     0x000000000008f9b5      0x20f ./Drivers/STM32F0xx_HAL_Driver/Src/stm32f0xx_hal_rcc.o
                                      0x891cc (size before relaxing)
 .debug_str     0x000000000008fbc4      0x2b8 ./Drivers/STM32F0xx_HAL_Driver/Src/stm32f0xx_hal_rcc_ex.o
                                      0x89184 (size before relaxing)

.debug_frame    0x0000000000000000     0x2450
 .debug_frame   0x0000000000000000      0x16c ./Core/Src/bmp180.o
 .debug_frame   0x000000000000016c      0x1cc ./Core/Src/main.o
 .debug_frame   0x0000000000000338      0x144 ./Core/Src/mpu6050.o
 .debug_frame   0x000000000000047c       0xb0 ./Core/Src/stm32f0xx_hal_msp.o
 .debug_frame   0x000000000000052c       0xb8 ./Core/Src/stm32f0xx_it.o
 .debug_frame   0x00000000000005e4       0x30 ./Core/Src/sysmem.o
 .debug_frame   0x0000000000000614       0x4c ./Core/Src/system_stm32f0xx.o
 .debug_frame   0x0000000000000660      0x2a4 ./Drivers/STM32F0xx_HAL_Driver/Src/stm32f0xx_hal.o
 .debug_frame   0x0000000000000904      0x490 ./Drivers/STM32F0xx_HAL_Driver/Src/stm32f0xx_hal_can.o
 .debug_frame   0x0000000000000d94      0x2a0 ./Drivers/STM32F0xx_HAL_Driver/Src/stm32f0xx_hal_cortex.o
 .debug_frame   0x0000000000001034      0x110 ./Drivers/STM32F0xx_HAL_Driver/Src/stm32f0xx_hal_gpio.o
 .debug_frame   0x0000000000001144      0xa64 ./Drivers/STM32F0xx_HAL_Driver/Src/stm32f0xx_hal_i2c.o
 .debug_frame   0x0000000000001ba8       0xd0 ./Drivers/STM32F0xx_HAL_Driver/Src/stm32f0xx_hal_i2c_ex.o
 .debug_frame   0x0000000000001c78      0x198 ./Drivers/STM32F0xx_HAL_Driver/Src/stm32f0xx_hal_rcc.o
 .debug_frame   0x0000000000001e10      0x180 ./Drivers/STM32F0xx_HAL_Driver/Src/stm32f0xx_hal_rcc_ex.o
 .debug_frame   0x0000000000001f90       0x28 C:/ST/STM32CubeIDE_1.13.2/STM32CubeIDE/plugins/com.st.stm32cube.ide.mcu.externaltools.gnu-tools-for-stm32.11.3.rel1.win32_1.1.100.202309141235/tools/bin/../lib/gcc/arm-none-eabi/11.3.1/../../../../arm-none-eabi/lib/thumb/v6-m/nofp\libc_nano.a(libc_a-calloc.o)
 .debug_frame   0x0000000000001fb8       0x2c C:/ST/STM32CubeIDE_1.13.2/STM32CubeIDE/plugins/com.st.stm32cube.ide.mcu.externaltools.gnu-tools-for-stm32.11.3.rel1.win32_1.1.100.202309141235/tools/bin/../lib/gcc/arm-none-eabi/11.3.1/../../../../arm-none-eabi/lib/thumb/v6-m/nofp\libc_nano.a(libc_a-callocr.o)
 .debug_frame   0x0000000000001fe4       0x40 C:/ST/STM32CubeIDE_1.13.2/STM32CubeIDE/plugins/com.st.stm32cube.ide.mcu.externaltools.gnu-tools-for-stm32.11.3.rel1.win32_1.1.100.202309141235/tools/bin/../lib/gcc/arm-none-eabi/11.3.1/../../../../arm-none-eabi/lib/thumb/v6-m/nofp\libc_nano.a(libc_a-malloc.o)
 .debug_frame   0x0000000000002024       0x50 C:/ST/STM32CubeIDE_1.13.2/STM32CubeIDE/plugins/com.st.stm32cube.ide.mcu.externaltools.gnu-tools-for-stm32.11.3.rel1.win32_1.1.100.202309141235/tools/bin/../lib/gcc/arm-none-eabi/11.3.1/../../../../arm-none-eabi/lib/thumb/v6-m/nofp\libc_nano.a(libc_a-mallocr.o)
 .debug_frame   0x0000000000002074       0x40 C:/ST/STM32CubeIDE_1.13.2/STM32CubeIDE/plugins/com.st.stm32cube.ide.mcu.externaltools.gnu-tools-for-stm32.11.3.rel1.win32_1.1.100.202309141235/tools/bin/../lib/gcc/arm-none-eabi/11.3.1/../../../../arm-none-eabi/lib/thumb/v6-m/nofp\libc_nano.a(libc_a-mlock.o)
 .debug_frame   0x00000000000020b4       0x28 C:/ST/STM32CubeIDE_1.13.2/STM32CubeIDE/plugins/com.st.stm32cube.ide.mcu.externaltools.gnu-tools-for-stm32.11.3.rel1.win32_1.1.100.202309141235/tools/bin/../lib/gcc/arm-none-eabi/11.3.1/../../../../arm-none-eabi/lib/thumb/v6-m/nofp\libc_nano.a(libc_a-realloc.o)
 .debug_frame   0x00000000000020dc       0x34 C:/ST/STM32CubeIDE_1.13.2/STM32CubeIDE/plugins/com.st.stm32cube.ide.mcu.externaltools.gnu-tools-for-stm32.11.3.rel1.win32_1.1.100.202309141235/tools/bin/../lib/gcc/arm-none-eabi/11.3.1/../../../../arm-none-eabi/lib/thumb/v6-m/nofp\libc_nano.a(libc_a-reallocr.o)
 .debug_frame   0x0000000000002110      0x138 C:/ST/STM32CubeIDE_1.13.2/STM32CubeIDE/plugins/com.st.stm32cube.ide.mcu.externaltools.gnu-tools-for-stm32.11.3.rel1.win32_1.1.100.202309141235/tools/bin/../lib/gcc/arm-none-eabi/11.3.1/../../../../arm-none-eabi/lib/thumb/v6-m/nofp\libc_nano.a(libc_a-findfp.o)
 .debug_frame   0x0000000000002248       0x20 C:/ST/STM32CubeIDE_1.13.2/STM32CubeIDE/plugins/com.st.stm32cube.ide.mcu.externaltools.gnu-tools-for-stm32.11.3.rel1.win32_1.1.100.202309141235/tools/bin/../lib/gcc/arm-none-eabi/11.3.1/../../../../arm-none-eabi/lib/thumb/v6-m/nofp\libc_nano.a(libc_a-memset.o)
 .debug_frame   0x0000000000002268       0x2c C:/ST/STM32CubeIDE_1.13.2/STM32CubeIDE/plugins/com.st.stm32cube.ide.mcu.externaltools.gnu-tools-for-stm32.11.3.rel1.win32_1.1.100.202309141235/tools/bin/../lib/gcc/arm-none-eabi/11.3.1/../../../../arm-none-eabi/lib/thumb/v6-m/nofp\libc_nano.a(libc_a-reent.o)
 .debug_frame   0x0000000000002294       0x2c C:/ST/STM32CubeIDE_1.13.2/STM32CubeIDE/plugins/com.st.stm32cube.ide.mcu.externaltools.gnu-tools-for-stm32.11.3.rel1.win32_1.1.100.202309141235/tools/bin/../lib/gcc/arm-none-eabi/11.3.1/../../../../arm-none-eabi/lib/thumb/v6-m/nofp\libc_nano.a(libc_a-sbrkr.o)
 .debug_frame   0x00000000000022c0       0x20 C:/ST/STM32CubeIDE_1.13.2/STM32CubeIDE/plugins/com.st.stm32cube.ide.mcu.externaltools.gnu-tools-for-stm32.11.3.rel1.win32_1.1.100.202309141235/tools/bin/../lib/gcc/arm-none-eabi/11.3.1/../../../../arm-none-eabi/lib/thumb/v6-m/nofp\libc_nano.a(libc_a-errno.o)
 .debug_frame   0x00000000000022e0       0x2c C:/ST/STM32CubeIDE_1.13.2/STM32CubeIDE/plugins/com.st.stm32cube.ide.mcu.externaltools.gnu-tools-for-stm32.11.3.rel1.win32_1.1.100.202309141235/tools/bin/../lib/gcc/arm-none-eabi/11.3.1/../../../../arm-none-eabi/lib/thumb/v6-m/nofp\libc_nano.a(libc_a-init.o)
 .debug_frame   0x000000000000230c       0xb0 C:/ST/STM32CubeIDE_1.13.2/STM32CubeIDE/plugins/com.st.stm32cube.ide.mcu.externaltools.gnu-tools-for-stm32.11.3.rel1.win32_1.1.100.202309141235/tools/bin/../lib/gcc/arm-none-eabi/11.3.1/../../../../arm-none-eabi/lib/thumb/v6-m/nofp\libc_nano.a(libc_a-lock.o)
 .debug_frame   0x00000000000023bc       0x28 C:/ST/STM32CubeIDE_1.13.2/STM32CubeIDE/plugins/com.st.stm32cube.ide.mcu.externaltools.gnu-tools-for-stm32.11.3.rel1.win32_1.1.100.202309141235/tools/bin/../lib/gcc/arm-none-eabi/11.3.1/../../../../arm-none-eabi/lib/thumb/v6-m/nofp\libc_nano.a(libc_a-memcpy-stub.o)
 .debug_frame   0x00000000000023e4       0x2c C:/ST/STM32CubeIDE_1.13.2/STM32CubeIDE/plugins/com.st.stm32cube.ide.mcu.externaltools.gnu-tools-for-stm32.11.3.rel1.win32_1.1.100.202309141235/tools/bin/../lib/gcc/arm-none-eabi/11.3.1/../../../../arm-none-eabi/lib/thumb/v6-m/nofp\libc_nano.a(libc_a-freer.o)
 .debug_frame   0x0000000000002410       0x20 C:/ST/STM32CubeIDE_1.13.2/STM32CubeIDE/plugins/com.st.stm32cube.ide.mcu.externaltools.gnu-tools-for-stm32.11.3.rel1.win32_1.1.100.202309141235/tools/bin/../lib/gcc/arm-none-eabi/11.3.1/../../../../arm-none-eabi/lib/thumb/v6-m/nofp\libc_nano.a(libc_a-msizer.o)
 .debug_frame   0x0000000000002430       0x20 C:/ST/STM32CubeIDE_1.13.2/STM32CubeIDE/plugins/com.st.stm32cube.ide.mcu.externaltools.gnu-tools-for-stm32.11.3.rel1.win32_1.1.100.202309141235/tools/bin/../lib/gcc/arm-none-eabi/11.3.1/thumb/v6-m/nofp\libgcc.a(_udivsi3.o)

.debug_line_str
                0x0000000000000000       0x5d
 .debug_line_str
                0x0000000000000000       0x5d ./Core/Startup/startup_stm32f072rbtx.o
                                         0x75 (size before relaxing)
