../Core/Src/mpu6050.c:8:10:MPU6050Init	24	static
../Core/Src/mpu6050.c:30:6:MPU6050Start	8	static
../Core/Src/mpu6050.c:37:6:MPU6050UpdateAccel	8	static
../Core/Src/mpu6050.c:45:6:MPU6050UpdateTemp	16	static
../Core/Src/mpu6050.c:51:6:MPU6050UpdateGyro	8	static
../Core/Src/mpu6050.c:59:6:MPU6050WriteRegister	24	static
../Core/Src/mpu6050.c:66:6:MPU6050ReadRegister	32	static
../Core/Src/mpu6050.c:72:6:MPU6050BufferReset	16	static
../Core/Src/mpu6050.c:78:6:MPU6050Check	16	static
../Core/Src/mpu6050.c:86:9:MPU6050_connection_state	16	static
../Core/Src/mpu6050.c:104:6:MPU6050_get_buf	40	static
