../Core/Src/mpu6050.c:6:10:MPU6050Init	24	static
../Core/Src/mpu6050.c:28:6:MPU6050Start	8	static
../Core/Src/mpu6050.c:35:6:MPU6050UpdateAccel	8	static
../Core/Src/mpu6050.c:43:6:MPU6050UpdateTemp	16	static
../Core/Src/mpu6050.c:49:6:MPU6050UpdateGyro	8	static
../Core/Src/mpu6050.c:57:6:MPU6050WriteRegister	24	static
../Core/Src/mpu6050.c:64:6:MPU6050ReadRegister	32	static
../Core/Src/mpu6050.c:70:6:MPU6050BufferReset	16	static
../Core/Src/mpu6050.c:76:6:MPU6050Check	16	static
../Core/Src/mpu6050.c:84:9:MPU6050_connection_state	16	static
